Archive member included to satisfy reference by file (symbol)

e:/progra~1/gcc-ar~1/bin/../lib/gcc/arm-none-eabi/10.3.1/thumb/v7e-m/nofp\libgcc.a(_aeabi_uldivmod.o)
                              CMakeFiles/test2.elf.dir/Drivers/STM32F4xx_HAL_Driver/Src/stm32f4xx_hal_rcc.c.obj (__aeabi_uldivmod)
e:/progra~1/gcc-ar~1/bin/../lib/gcc/arm-none-eabi/10.3.1/thumb/v7e-m/nofp\libgcc.a(_udivmoddi4.o)
                              e:/progra~1/gcc-ar~1/bin/../lib/gcc/arm-none-eabi/10.3.1/thumb/v7e-m/nofp\libgcc.a(_aeabi_uldivmod.o) (__udivmoddi4)
e:/progra~1/gcc-ar~1/bin/../lib/gcc/arm-none-eabi/10.3.1/thumb/v7e-m/nofp\libgcc.a(_dvmd_tls.o)
                              e:/progra~1/gcc-ar~1/bin/../lib/gcc/arm-none-eabi/10.3.1/thumb/v7e-m/nofp\libgcc.a(_aeabi_uldivmod.o) (__aeabi_ldiv0)
e:/progra~1/gcc-ar~1/bin/../lib/gcc/arm-none-eabi/10.3.1/../../../../arm-none-eabi/lib/thumb/v7e-m/nofp\libg.a(lib_a-errno.o)
                              CMakeFiles/test2.elf.dir/Core/Src/syscalls.c.obj (__errno)
e:/progra~1/gcc-ar~1/bin/../lib/gcc/arm-none-eabi/10.3.1/../../../../arm-none-eabi/lib/thumb/v7e-m/nofp\libg.a(lib_a-exit.o)
                              e:/progra~1/gcc-ar~1/bin/../lib/gcc/arm-none-eabi/10.3.1/../../../../arm-none-eabi/lib/thumb/v7e-m/nofp/crt0.o (exit)
e:/progra~1/gcc-ar~1/bin/../lib/gcc/arm-none-eabi/10.3.1/../../../../arm-none-eabi/lib/thumb/v7e-m/nofp\libg.a(lib_a-impure.o)
                              e:/progra~1/gcc-ar~1/bin/../lib/gcc/arm-none-eabi/10.3.1/../../../../arm-none-eabi/lib/thumb/v7e-m/nofp\libg.a(lib_a-exit.o) (_global_impure_ptr)
e:/progra~1/gcc-ar~1/bin/../lib/gcc/arm-none-eabi/10.3.1/../../../../arm-none-eabi/lib/thumb/v7e-m/nofp\libg.a(lib_a-init.o)
                              e:/progra~1/gcc-ar~1/bin/../lib/gcc/arm-none-eabi/10.3.1/../../../../arm-none-eabi/lib/thumb/v7e-m/nofp/crt0.o (__libc_init_array)
e:/progra~1/gcc-ar~1/bin/../lib/gcc/arm-none-eabi/10.3.1/../../../../arm-none-eabi/lib/thumb/v7e-m/nofp\libg.a(lib_a-memcpy.o)
                              CMakeFiles/test2.elf.dir/Middlewares/Third_Party/RealThread_RTOS/components/finsh/cmd.c.obj (memcpy)
e:/progra~1/gcc-ar~1/bin/../lib/gcc/arm-none-eabi/10.3.1/../../../../arm-none-eabi/lib/thumb/v7e-m/nofp\libg.a(lib_a-memset.o)
                              e:/progra~1/gcc-ar~1/bin/../lib/gcc/arm-none-eabi/10.3.1/../../../../arm-none-eabi/lib/thumb/v7e-m/nofp/crt0.o (memset)
e:/progra~1/gcc-ar~1/bin/../lib/gcc/arm-none-eabi/10.3.1/../../../../arm-none-eabi/lib/thumb/v7e-m/nofp\libg.a(lib_a-strcpy.o)
                              CMakeFiles/test2.elf.dir/Middlewares/Third_Party/RealThread_RTOS/components/finsh/shell.c.obj (strcpy)
e:/progra~1/gcc-ar~1/bin/../lib/gcc/arm-none-eabi/10.3.1/../../../../arm-none-eabi/lib/thumb/v7e-m/nofp\libg.a(lib_a-strlen.o)
                              CMakeFiles/test2.elf.dir/Middlewares/Third_Party/RealThread_RTOS/components/finsh/msh.c.obj (strlen)
e:/progra~1/gcc-ar~1/bin/../lib/gcc/arm-none-eabi/10.3.1/../../../../arm-none-eabi/lib/thumb/v7e-m/nofp\libg.a(lib_a-strncmp.o)
                              CMakeFiles/test2.elf.dir/Middlewares/Third_Party/RealThread_RTOS/components/finsh/cmd.c.obj (strncmp)
e:/progra~1/gcc-ar~1/bin/../lib/gcc/arm-none-eabi/10.3.1/../../../../arm-none-eabi/lib/thumb/v7e-m/nofp\libg.a(lib_a-strncpy.o)
                              CMakeFiles/test2.elf.dir/Middlewares/Third_Party/RealThread_RTOS/components/finsh/shell.c.obj (strncpy)
e:/progra~1/gcc-ar~1/bin/../lib/gcc/arm-none-eabi/10.3.1/../../../../arm-none-eabi/lib/thumb/v7e-m/nofp\libg.a(lib_a-__call_atexit.o)
                              e:/progra~1/gcc-ar~1/bin/../lib/gcc/arm-none-eabi/10.3.1/../../../../arm-none-eabi/lib/thumb/v7e-m/nofp\libg.a(lib_a-exit.o) (__call_exitprocs)
e:/progra~1/gcc-ar~1/bin/../lib/gcc/arm-none-eabi/10.3.1/../../../../arm-none-eabi/lib/thumb/v7e-m/nofp\libg.a(lib_a-atexit.o)
                              e:/progra~1/gcc-ar~1/bin/../lib/gcc/arm-none-eabi/10.3.1/../../../../arm-none-eabi/lib/thumb/v7e-m/nofp\libg.a(lib_a-__call_atexit.o) (atexit)
e:/progra~1/gcc-ar~1/bin/../lib/gcc/arm-none-eabi/10.3.1/../../../../arm-none-eabi/lib/thumb/v7e-m/nofp\libg.a(lib_a-fini.o)
                              e:/progra~1/gcc-ar~1/bin/../lib/gcc/arm-none-eabi/10.3.1/../../../../arm-none-eabi/lib/thumb/v7e-m/nofp\libg.a(lib_a-__call_atexit.o) (__libc_fini_array)
e:/progra~1/gcc-ar~1/bin/../lib/gcc/arm-none-eabi/10.3.1/../../../../arm-none-eabi/lib/thumb/v7e-m/nofp\libg.a(lib_a-lock.o)
                              e:/progra~1/gcc-ar~1/bin/../lib/gcc/arm-none-eabi/10.3.1/../../../../arm-none-eabi/lib/thumb/v7e-m/nofp\libg.a(lib_a-__call_atexit.o) (__retarget_lock_acquire_recursive)
e:/progra~1/gcc-ar~1/bin/../lib/gcc/arm-none-eabi/10.3.1/../../../../arm-none-eabi/lib/thumb/v7e-m/nofp\libg.a(lib_a-__atexit.o)
                              e:/progra~1/gcc-ar~1/bin/../lib/gcc/arm-none-eabi/10.3.1/../../../../arm-none-eabi/lib/thumb/v7e-m/nofp\libg.a(lib_a-atexit.o) (__register_exitproc)

[...]
Memory Configuration

Name             Origin             Length             Attributes
CCMRAM           0x10000000         0x00010000         xrw
RAM              0x20000000         0x00030000         xrw
FLASH            0x08000000         0x00200000         xr
*default*        0x00000000         0xffffffff

Linker script and memory map

LOAD e:/progra~1/gcc-ar~1/bin/../lib/gcc/arm-none-eabi/10.3.1/thumb/v7e-m/nofp/crti.o
LOAD e:/progra~1/gcc-ar~1/bin/../lib/gcc/arm-none-eabi/10.3.1/thumb/v7e-m/nofp/crtbegin.o
LOAD e:/progra~1/gcc-ar~1/bin/../lib/gcc/arm-none-eabi/10.3.1/../../../../arm-none-eabi/lib/thumb/v7e-m/nofp/crt0.o
LOAD CMakeFiles/test2.elf.dir/Core/Src/board.c.obj
LOAD CMakeFiles/test2.elf.dir/Core/Src/main.c.obj
LOAD CMakeFiles/test2.elf.dir/Core/Src/stm32f4xx_hal_msp.c.obj
LOAD CMakeFiles/test2.elf.dir/Core/Src/stm32f4xx_hal_timebase_tim.c.obj
LOAD CMakeFiles/test2.elf.dir/Core/Src/stm32f4xx_it.c.obj
LOAD CMakeFiles/test2.elf.dir/Core/Src/syscalls.c.obj
LOAD CMakeFiles/test2.elf.dir/Core/Src/sysmem.c.obj
LOAD CMakeFiles/test2.elf.dir/Core/Src/system_stm32f4xx.c.obj
LOAD CMakeFiles/test2.elf.dir/Core/Startup/startup_stm32f429zitx.s.obj
LOAD CMakeFiles/test2.elf.dir/Drivers/STM32F4xx_HAL_Driver/Src/stm32f4xx_hal.c.obj
LOAD CMakeFiles/test2.elf.dir/Drivers/STM32F4xx_HAL_Driver/Src/stm32f4xx_hal_cortex.c.obj
LOAD CMakeFiles/test2.elf.dir/Drivers/STM32F4xx_HAL_Driver/Src/stm32f4xx_hal_dma.c.obj
LOAD CMakeFiles/test2.elf.dir/Drivers/STM32F4xx_HAL_Driver/Src/stm32f4xx_hal_dma_ex.c.obj
LOAD CMakeFiles/test2.elf.dir/Drivers/STM32F4xx_HAL_Driver/Src/stm32f4xx_hal_exti.c.obj
LOAD CMakeFiles/test2.elf.dir/Drivers/STM32F4xx_HAL_Driver/Src/stm32f4xx_hal_flash.c.obj
LOAD CMakeFiles/test2.elf.dir/Drivers/STM32F4xx_HAL_Driver/Src/stm32f4xx_hal_flash_ex.c.obj
LOAD CMakeFiles/test2.elf.dir/Drivers/STM32F4xx_HAL_Driver/Src/stm32f4xx_hal_flash_ramfunc.c.obj
LOAD CMakeFiles/test2.elf.dir/Drivers/STM32F4xx_HAL_Driver/Src/stm32f4xx_hal_gpio.c.obj
LOAD CMakeFiles/test2.elf.dir/Drivers/STM32F4xx_HAL_Driver/Src/stm32f4xx_hal_pwr.c.obj
LOAD CMakeFiles/test2.elf.dir/Drivers/STM32F4xx_HAL_Driver/Src/stm32f4xx_hal_pwr_ex.c.obj
LOAD CMakeFiles/test2.elf.dir/Drivers/STM32F4xx_HAL_Driver/Src/stm32f4xx_hal_rcc.c.obj
LOAD CMakeFiles/test2.elf.dir/Drivers/STM32F4xx_HAL_Driver/Src/stm32f4xx_hal_rcc_ex.c.obj
LOAD CMakeFiles/test2.elf.dir/Drivers/STM32F4xx_HAL_Driver/Src/stm32f4xx_hal_tim.c.obj
LOAD CMakeFiles/test2.elf.dir/Drivers/STM32F4xx_HAL_Driver/Src/stm32f4xx_hal_tim_ex.c.obj
LOAD CMakeFiles/test2.elf.dir/Drivers/STM32F4xx_HAL_Driver/Src/stm32f4xx_hal_uart.c.obj
LOAD CMakeFiles/test2.elf.dir/Middlewares/Third_Party/RealThread_RTOS/components/device/device.c.obj
LOAD CMakeFiles/test2.elf.dir/Middlewares/Third_Party/RealThread_RTOS/components/finsh/cmd.c.obj
LOAD CMakeFiles/test2.elf.dir/Middlewares/Third_Party/RealThread_RTOS/components/finsh/finsh_port.c.obj
LOAD CMakeFiles/test2.elf.dir/Middlewares/Third_Party/RealThread_RTOS/components/finsh/msh.c.obj
LOAD CMakeFiles/test2.elf.dir/Middlewares/Third_Party/RealThread_RTOS/components/finsh/shell.c.obj
LOAD CMakeFiles/test2.elf.dir/Middlewares/Third_Party/RealThread_RTOS/libcpu/arm/cortex-m4/context_gcc.S.obj
LOAD CMakeFiles/test2.elf.dir/Middlewares/Third_Party/RealThread_RTOS/libcpu/arm/cortex-m4/cpuport.c.obj
LOAD CMakeFiles/test2.elf.dir/Middlewares/Third_Party/RealThread_RTOS/src/clock.c.obj
LOAD CMakeFiles/test2.elf.dir/Middlewares/Third_Party/RealThread_RTOS/src/components.c.obj
LOAD CMakeFiles/test2.elf.dir/Middlewares/Third_Party/RealThread_RTOS/src/cpu.c.obj
LOAD CMakeFiles/test2.elf.dir/Middlewares/Third_Party/RealThread_RTOS/src/idle.c.obj
LOAD CMakeFiles/test2.elf.dir/Middlewares/Third_Party/RealThread_RTOS/src/ipc.c.obj
LOAD CMakeFiles/test2.elf.dir/Middlewares/Third_Party/RealThread_RTOS/src/irq.c.obj
LOAD CMakeFiles/test2.elf.dir/Middlewares/Third_Party/RealThread_RTOS/src/kservice.c.obj
LOAD CMakeFiles/test2.elf.dir/Middlewares/Third_Party/RealThread_RTOS/src/mem.c.obj
LOAD CMakeFiles/test2.elf.dir/Middlewares/Third_Party/RealThread_RTOS/src/memheap.c.obj
LOAD CMakeFiles/test2.elf.dir/Middlewares/Third_Party/RealThread_RTOS/src/mempool.c.obj
LOAD CMakeFiles/test2.elf.dir/Middlewares/Third_Party/RealThread_RTOS/src/object.c.obj
LOAD CMakeFiles/test2.elf.dir/Middlewares/Third_Party/RealThread_RTOS/src/scheduler.c.obj
LOAD CMakeFiles/test2.elf.dir/Middlewares/Third_Party/RealThread_RTOS/src/slab.c.obj
LOAD CMakeFiles/test2.elf.dir/Middlewares/Third_Party/RealThread_RTOS/src/thread.c.obj
LOAD CMakeFiles/test2.elf.dir/Middlewares/Third_Party/RealThread_RTOS/src/timer.c.obj
START GROUP
LOAD e:/progra~1/gcc-ar~1/bin/../lib/gcc/arm-none-eabi/10.3.1/thumb/v7e-m/nofp\libgcc.a
LOAD e:/progra~1/gcc-ar~1/bin/../lib/gcc/arm-none-eabi/10.3.1/../../../../arm-none-eabi/lib/thumb/v7e-m/nofp\libg.a
LOAD e:/progra~1/gcc-ar~1/bin/../lib/gcc/arm-none-eabi/10.3.1/../../../../arm-none-eabi/lib/thumb/v7e-m/nofp\libc.a
END GROUP
LOAD e:/progra~1/gcc-ar~1/bin/../lib/gcc/arm-none-eabi/10.3.1/thumb/v7e-m/nofp/crtend.o
LOAD e:/progra~1/gcc-ar~1/bin/../lib/gcc/arm-none-eabi/10.3.1/thumb/v7e-m/nofp/crtn.o
                0x20030000                _estack = (ORIGIN (RAM) + LENGTH (RAM))
                0x00000200                _Min_Heap_Size = 0x200
                0x00000400                _Min_Stack_Size = 0x400

.isr_vector     0x08000000      0x1ac
                0x08000000                . = ALIGN (0x4)
 *(.isr_vector)
 .isr_vector    0x08000000      0x1ac CMakeFiles/test2.elf.dir/Core/Startup/startup_stm32f429zitx.s.obj
                0x08000000                g_pfnVectors
                0x080001ac                . = ALIGN (0x4)

.text           0x080001ac     0x4108
                0x080001ac                . = ALIGN (0x4)
 *(.text)
 .text          0x080001ac       0x40 e:/progra~1/gcc-ar~1/bin/../lib/gcc/arm-none-eabi/10.3.1/thumb/v7e-m/nofp/crtbegin.o
 .text          0x080001ec       0xfc CMakeFiles/test2.elf.dir/Middlewares/Third_Party/RealThread_RTOS/libcpu/arm/cortex-m4/context_gcc.S.obj
                0x080001ec                rt_hw_interrupt_disable
                0x080001f4                rt_hw_interrupt_enable
                0x080001fa                rt_hw_context_switch_interrupt
                0x080001fa                rt_hw_context_switch
                0x0800021a                PendSV_Handler
                0x08000256                rt_hw_context_switch_to
                0x08000290                rt_hw_interrupt_thread_switch
                0x08000294                HardFault_Handler
 .text          0x080002e8       0x30 e:/progra~1/gcc-ar~1/bin/../lib/gcc/arm-none-eabi/10.3.1/thumb/v7e-m/nofp\libgcc.a(_aeabi_uldivmod.o)
                0x080002e8                __aeabi_uldivmod
 .text          0x08000318      0x2d0 e:/progra~1/gcc-ar~1/bin/../lib/gcc/arm-none-eabi/10.3.1/thumb/v7e-m/nofp\libgcc.a(_udivmoddi4.o)
                0x08000318                __udivmoddi4
 .text          0x080005e8        0x4 e:/progra~1/gcc-ar~1/bin/../lib/gcc/arm-none-eabi/10.3.1/thumb/v7e-m/nofp\libgcc.a(_dvmd_tls.o)
                0x080005e8                __aeabi_idiv0
                0x080005e8                __aeabi_ldiv0
 .text          0x080005ec      0x134 e:/progra~1/gcc-ar~1/bin/../lib/gcc/arm-none-eabi/10.3.1/../../../../arm-none-eabi/lib/thumb/v7e-m/nofp\libg.a(lib_a-memcpy.o)
                0x080005ec                memcpy
 *(.text*)
 .text.rt_heap_begin_get
                0x08000720        0x8 CMakeFiles/test2.elf.dir/Core/Src/board.c.obj
                0x08000720                rt_heap_begin_get
 .text.rt_heap_end_get
                0x08000728        0x8 CMakeFiles/test2.elf.dir/Core/Src/board.c.obj
                0x08000728                rt_heap_end_get
 .text.SysTick_Handler
                0x08000730       0x10 CMakeFiles/test2.elf.dir/Core/Src/board.c.obj
                0x08000730                SysTick_Handler
 .text.rt_hw_board_init
                0x08000740       0x3c CMakeFiles/test2.elf.dir/Core/Src/board.c.obj
                0x08000740                rt_hw_board_init
 .text.rt_hw_console_output
                0x0800077c       0x50 CMakeFiles/test2.elf.dir/Core/Src/board.c.obj
                0x0800077c                rt_hw_console_output
 .text.MX_GPIO_Init
                0x080007cc       0x38 CMakeFiles/test2.elf.dir/Core/Src/main.c.obj
 .text.HAL_TIM_PeriodElapsedCallback
                0x08000804       0x18 CMakeFiles/test2.elf.dir/Core/Src/main.c.obj
                0x08000804                HAL_TIM_PeriodElapsedCallback
 .text.Error_Handler
                0x0800081c        0x4 CMakeFiles/test2.elf.dir/Core/Src/main.c.obj
                0x0800081c                Error_Handler
 .text.MX_UART4_Init
                0x08000820       0x34 CMakeFiles/test2.elf.dir/Core/Src/main.c.obj
 .text.SystemClock_Config
                0x08000854       0xac CMakeFiles/test2.elf.dir/Core/Src/main.c.obj
                0x08000854                SystemClock_Config
 .text.main     0x08000900       0x14 CMakeFiles/test2.elf.dir/Core/Src/main.c.obj
                0x08000900                main
 .text.HAL_MspInit
                0x08000914       0x38 CMakeFiles/test2.elf.dir/Core/Src/stm32f4xx_hal_msp.c.obj
                0x08000914                HAL_MspInit
 .text.HAL_UART_MspInit
                0x0800094c       0x6c CMakeFiles/test2.elf.dir/Core/Src/stm32f4xx_hal_msp.c.obj
                0x0800094c                HAL_UART_MspInit
 .text.HAL_InitTick
                0x080009b8       0x7c CMakeFiles/test2.elf.dir/Core/Src/stm32f4xx_hal_timebase_tim.c.obj
                0x080009b8                HAL_InitTick
 .text.NMI_Handler
                0x08000a34        0x2 CMakeFiles/test2.elf.dir/Core/Src/stm32f4xx_it.c.obj
                0x08000a34                NMI_Handler
 .text.MemManage_Handler
                0x08000a36        0x2 CMakeFiles/test2.elf.dir/Core/Src/stm32f4xx_it.c.obj
                0x08000a36                MemManage_Handler
 .text.BusFault_Handler
                0x08000a38        0x2 CMakeFiles/test2.elf.dir/Core/Src/stm32f4xx_it.c.obj
                0x08000a38                BusFault_Handler
 .text.UsageFault_Handler
                0x08000a3a        0x2 CMakeFiles/test2.elf.dir/Core/Src/stm32f4xx_it.c.obj
                0x08000a3a                UsageFault_Handler
 .text.DebugMon_Handler
                0x08000a3c        0x2 CMakeFiles/test2.elf.dir/Core/Src/stm32f4xx_it.c.obj
                0x08000a3c                DebugMon_Handler
 *fill*         0x08000a3e        0x2 
 .text.TIM4_IRQHandler
                0x08000a40       0x10 CMakeFiles/test2.elf.dir/Core/Src/stm32f4xx_it.c.obj
                0x08000a40                TIM4_IRQHandler
 .text.SystemInit
                0x08000a50        0x2 CMakeFiles/test2.elf.dir/Core/Src/system_stm32f4xx.c.obj
                0x08000a50                SystemInit
 *fill*         0x08000a52        0x2 
 .text.SystemCoreClockUpdate
                0x08000a54       0xa0 CMakeFiles/test2.elf.dir/Core/Src/system_stm32f4xx.c.obj
                0x08000a54                SystemCoreClockUpdate
 .text.Reset_Handler
                0x08000af4       0x50 CMakeFiles/test2.elf.dir/Core/Startup/startup_stm32f429zitx.s.obj
                0x08000af4                Reset_Handler
 .text.Default_Handler
                0x08000b44        0x2 CMakeFiles/test2.elf.dir/Core/Startup/startup_stm32f429zitx.s.obj
                0x08000b44                RTC_Alarm_IRQHandler
                0x08000b44                HASH_RNG_IRQHandler
                0x08000b44                EXTI2_IRQHandler
                0x08000b44                TIM8_CC_IRQHandler
                0x08000b44                UART8_IRQHandler
                0x08000b44                SPI4_IRQHandler
                0x08000b44                TIM1_CC_IRQHandler
                0x08000b44                DMA2_Stream5_IRQHandler
                0x08000b44                DMA1_Stream5_IRQHandler
                0x08000b44                PVD_IRQHandler
                0x08000b44                SDIO_IRQHandler
                0x08000b44                TAMP_STAMP_IRQHandler
                0x08000b44                CAN2_RX1_IRQHandler
                0x08000b44                EXTI3_IRQHandler
                0x08000b44                TIM8_TRG_COM_TIM14_IRQHandler
                0x08000b44                TIM1_UP_TIM10_IRQHandler
                0x08000b44                TIM8_UP_TIM13_IRQHandler
                0x08000b44                I2C3_ER_IRQHandler
                0x08000b44                EXTI0_IRQHandler
                0x08000b44                I2C2_EV_IRQHandler
                0x08000b44                DMA1_Stream2_IRQHandler
                0x08000b44                CAN1_RX0_IRQHandler
                0x08000b44                FPU_IRQHandler
                0x08000b44                OTG_HS_WKUP_IRQHandler
                0x08000b44                LTDC_ER_IRQHandler
                0x08000b44                CAN2_SCE_IRQHandler
                0x08000b44                DMA2_Stream2_IRQHandler
                0x08000b44                SPI1_IRQHandler
                0x08000b44                TIM6_DAC_IRQHandler
                0x08000b44                TIM1_BRK_TIM9_IRQHandler
                0x08000b44                DCMI_IRQHandler
                0x08000b44                CAN2_RX0_IRQHandler
                0x08000b44                DMA2_Stream3_IRQHandler
                0x08000b44                USART6_IRQHandler
                0x08000b44                USART3_IRQHandler
                0x08000b44                CAN1_RX1_IRQHandler
                0x08000b44                UART5_IRQHandler
                0x08000b44                DMA2_Stream0_IRQHandler
                0x08000b44                I2C1_EV_IRQHandler
                0x08000b44                DMA1_Stream6_IRQHandler
                0x08000b44                DMA1_Stream1_IRQHandler
                0x08000b44                UART4_IRQHandler
                0x08000b44                TIM3_IRQHandler
                0x08000b44                RCC_IRQHandler
                0x08000b44                TIM8_BRK_TIM12_IRQHandler
                0x08000b44                Default_Handler
                0x08000b44                EXTI15_10_IRQHandler
                0x08000b44                ADC_IRQHandler
                0x08000b44                DMA1_Stream7_IRQHandler
                0x08000b44                SPI5_IRQHandler
                0x08000b44                TIM7_IRQHandler
                0x08000b44                CAN2_TX_IRQHandler
                0x08000b44                TIM5_IRQHandler
                0x08000b44                DMA2_Stream7_IRQHandler
                0x08000b44                I2C3_EV_IRQHandler
                0x08000b44                EXTI9_5_IRQHandler
                0x08000b44                RTC_WKUP_IRQHandler
                0x08000b44                LTDC_IRQHandler
                0x08000b44                ETH_WKUP_IRQHandler
                0x08000b44                SPI2_IRQHandler
                0x08000b44                OTG_HS_EP1_IN_IRQHandler
                0x08000b44                DMA1_Stream0_IRQHandler
                0x08000b44                CAN1_TX_IRQHandler
                0x08000b44                SVC_Handler
                0x08000b44                EXTI4_IRQHandler
                0x08000b44                ETH_IRQHandler
                0x08000b44                OTG_HS_EP1_OUT_IRQHandler
                0x08000b44                WWDG_IRQHandler
                0x08000b44                SPI6_IRQHandler
                0x08000b44                TIM2_IRQHandler
                0x08000b44                OTG_FS_WKUP_IRQHandler
                0x08000b44                TIM1_TRG_COM_TIM11_IRQHandler
                0x08000b44                OTG_HS_IRQHandler
                0x08000b44                DMA2D_IRQHandler
                0x08000b44                EXTI1_IRQHandler
                0x08000b44                UART7_IRQHandler
                0x08000b44                USART2_IRQHandler
                0x08000b44                I2C2_ER_IRQHandler
                0x08000b44                DMA2_Stream1_IRQHandler
                0x08000b44                CAN1_SCE_IRQHandler
                0x08000b44                FLASH_IRQHandler
                0x08000b44                DMA2_Stream4_IRQHandler
                0x08000b44                USART1_IRQHandler
                0x08000b44                OTG_FS_IRQHandler
                0x08000b44                SPI3_IRQHandler
                0x08000b44                DMA1_Stream4_IRQHandler
                0x08000b44                I2C1_ER_IRQHandler
                0x08000b44                FMC_IRQHandler
                0x08000b44                DMA2_Stream6_IRQHandler
                0x08000b44                SAI1_IRQHandler
                0x08000b44                DMA1_Stream3_IRQHandler
 *fill*         0x08000b46        0x2 
 .text.HAL_Init
                0x08000b48       0x34 CMakeFiles/test2.elf.dir/Drivers/STM32F4xx_HAL_Driver/Src/stm32f4xx_hal.c.obj
                0x08000b48                HAL_Init
 .text.HAL_IncTick
                0x08000b7c       0x18 CMakeFiles/test2.elf.dir/Drivers/STM32F4xx_HAL_Driver/Src/stm32f4xx_hal.c.obj
                0x08000b7c                HAL_IncTick
 .text.HAL_GetTick
                0x08000b94        0xc CMakeFiles/test2.elf.dir/Drivers/STM32F4xx_HAL_Driver/Src/stm32f4xx_hal.c.obj
                0x08000b94                HAL_GetTick
 .text.HAL_NVIC_SetPriorityGrouping
                0x08000ba0       0x24 CMakeFiles/test2.elf.dir/Drivers/STM32F4xx_HAL_Driver/Src/stm32f4xx_hal_cortex.c.obj
                0x08000ba0                HAL_NVIC_SetPriorityGrouping
 .text.HAL_NVIC_SetPriority
                0x08000bc4       0x70 CMakeFiles/test2.elf.dir/Drivers/STM32F4xx_HAL_Driver/Src/stm32f4xx_hal_cortex.c.obj
                0x08000bc4                HAL_NVIC_SetPriority
 .text.HAL_NVIC_EnableIRQ
                0x08000c34       0x1c CMakeFiles/test2.elf.dir/Drivers/STM32F4xx_HAL_Driver/Src/stm32f4xx_hal_cortex.c.obj
                0x08000c34                HAL_NVIC_EnableIRQ
 .text.HAL_SYSTICK_Config
                0x08000c50       0x28 CMakeFiles/test2.elf.dir/Drivers/STM32F4xx_HAL_Driver/Src/stm32f4xx_hal_cortex.c.obj
                0x08000c50                HAL_SYSTICK_Config
 .text.HAL_GPIO_Init
                0x08000c78      0x1fc CMakeFiles/test2.elf.dir/Drivers/STM32F4xx_HAL_Driver/Src/stm32f4xx_hal_gpio.c.obj
                0x08000c78                HAL_GPIO_Init
 .text.HAL_RCC_OscConfig
                0x08000e74      0x3f8 CMakeFiles/test2.elf.dir/Drivers/STM32F4xx_HAL_Driver/Src/stm32f4xx_hal_rcc.c.obj
                0x08000e74                HAL_RCC_OscConfig
 .text.HAL_RCC_GetSysClockFreq
                0x0800126c       0xd4 CMakeFiles/test2.elf.dir/Drivers/STM32F4xx_HAL_Driver/Src/stm32f4xx_hal_rcc.c.obj
                0x0800126c                HAL_RCC_GetSysClockFreq
 .text.HAL_RCC_ClockConfig
                0x08001340      0x160 CMakeFiles/test2.elf.dir/Drivers/STM32F4xx_HAL_Driver/Src/stm32f4xx_hal_rcc.c.obj
                0x08001340                HAL_RCC_ClockConfig
 .text.HAL_RCC_GetHCLKFreq
                0x080014a0        0xc CMakeFiles/test2.elf.dir/Drivers/STM32F4xx_HAL_Driver/Src/stm32f4xx_hal_rcc.c.obj
                0x080014a0                HAL_RCC_GetHCLKFreq
 .text.HAL_RCC_GetPCLK1Freq
                0x080014ac       0x20 CMakeFiles/test2.elf.dir/Drivers/STM32F4xx_HAL_Driver/Src/stm32f4xx_hal_rcc.c.obj
                0x080014ac                HAL_RCC_GetPCLK1Freq
 .text.HAL_RCC_GetPCLK2Freq
                0x080014cc       0x20 CMakeFiles/test2.elf.dir/Drivers/STM32F4xx_HAL_Driver/Src/stm32f4xx_hal_rcc.c.obj
                0x080014cc                HAL_RCC_GetPCLK2Freq
 .text.HAL_RCC_GetClockConfig
                0x080014ec       0x3c CMakeFiles/test2.elf.dir/Drivers/STM32F4xx_HAL_Driver/Src/stm32f4xx_hal_rcc.c.obj
                0x080014ec                HAL_RCC_GetClockConfig
 .text.HAL_TIM_Base_MspInit
                0x08001528        0x2 CMakeFiles/test2.elf.dir/Drivers/STM32F4xx_HAL_Driver/Src/stm32f4xx_hal_tim.c.obj
                0x08001528                HAL_TIM_Base_MspInit
 *fill*         0x0800152a        0x2 
 .text.HAL_TIM_Base_Start_IT
                0x0800152c       0x88 CMakeFiles/test2.elf.dir/Drivers/STM32F4xx_HAL_Driver/Src/stm32f4xx_hal_tim.c.obj
                0x0800152c                HAL_TIM_Base_Start_IT
 .text.HAL_TIM_OC_DelayElapsedCallback
                0x080015b4        0x2 CMakeFiles/test2.elf.dir/Drivers/STM32F4xx_HAL_Driver/Src/stm32f4xx_hal_tim.c.obj
                0x080015b4                HAL_TIM_OC_DelayElapsedCallback
 .text.HAL_TIM_IC_CaptureCallback
                0x080015b6        0x2 CMakeFiles/test2.elf.dir/Drivers/STM32F4xx_HAL_Driver/Src/stm32f4xx_hal_tim.c.obj
                0x080015b6                HAL_TIM_IC_CaptureCallback
 .text.HAL_TIM_PWM_PulseFinishedCallback
                0x080015b8        0x2 CMakeFiles/test2.elf.dir/Drivers/STM32F4xx_HAL_Driver/Src/stm32f4xx_hal_tim.c.obj
                0x080015b8                HAL_TIM_PWM_PulseFinishedCallback
 .text.HAL_TIM_TriggerCallback
                0x080015ba        0x2 CMakeFiles/test2.elf.dir/Drivers/STM32F4xx_HAL_Driver/Src/stm32f4xx_hal_tim.c.obj
                0x080015ba                HAL_TIM_TriggerCallback
 .text.HAL_TIM_IRQHandler
                0x080015bc      0x17a CMakeFiles/test2.elf.dir/Drivers/STM32F4xx_HAL_Driver/Src/stm32f4xx_hal_tim.c.obj
                0x080015bc                HAL_TIM_IRQHandler
 *fill*         0x08001736        0x2 
 .text.TIM_Base_SetConfig
                0x08001738       0xc8 CMakeFiles/test2.elf.dir/Drivers/STM32F4xx_HAL_Driver/Src/stm32f4xx_hal_tim.c.obj
                0x08001738                TIM_Base_SetConfig
 .text.HAL_TIM_Base_Init
                0x08001800       0x58 CMakeFiles/test2.elf.dir/Drivers/STM32F4xx_HAL_Driver/Src/stm32f4xx_hal_tim.c.obj
                0x08001800                HAL_TIM_Base_Init
 .text.HAL_TIMEx_CommutCallback
                0x08001858        0x2 CMakeFiles/test2.elf.dir/Drivers/STM32F4xx_HAL_Driver/Src/stm32f4xx_hal_tim_ex.c.obj
                0x08001858                HAL_TIMEx_CommutCallback
 .text.HAL_TIMEx_BreakCallback
                0x0800185a        0x2 CMakeFiles/test2.elf.dir/Drivers/STM32F4xx_HAL_Driver/Src/stm32f4xx_hal_tim_ex.c.obj
                0x0800185a                HAL_TIMEx_BreakCallback
 .text.UART_SetConfig
                0x0800185c      0x110 CMakeFiles/test2.elf.dir/Drivers/STM32F4xx_HAL_Driver/Src/stm32f4xx_hal_uart.c.obj
 .text.UART_WaitOnFlagUntilTimeout
                0x0800196c       0x88 CMakeFiles/test2.elf.dir/Drivers/STM32F4xx_HAL_Driver/Src/stm32f4xx_hal_uart.c.obj
 .text.HAL_UART_Init
                0x080019f4       0x5e CMakeFiles/test2.elf.dir/Drivers/STM32F4xx_HAL_Driver/Src/stm32f4xx_hal_uart.c.obj
                0x080019f4                HAL_UART_Init
 .text.HAL_UART_Transmit
                0x08001a52       0xd8 CMakeFiles/test2.elf.dir/Drivers/STM32F4xx_HAL_Driver/Src/stm32f4xx_hal_uart.c.obj
                0x08001a52                HAL_UART_Transmit
 *fill*         0x08001b2a        0x2 
 .text.rt_device_write
                0x08001b2c       0x74 CMakeFiles/test2.elf.dir/Middlewares/Third_Party/RealThread_RTOS/components/device/device.c.obj
                0x08001b2c                rt_device_write
 .text.list_get_next
                0x08001ba0       0x66 CMakeFiles/test2.elf.dir/Middlewares/Third_Party/RealThread_RTOS/components/finsh/cmd.c.obj
 .text.list_find_init
                0x08001c06       0x20 CMakeFiles/test2.elf.dir/Middlewares/Third_Party/RealThread_RTOS/components/finsh/cmd.c.obj
 *fill*         0x08001c26        0x2 
 .text.list_thread
                0x08001c28      0x14c CMakeFiles/test2.elf.dir/Middlewares/Third_Party/RealThread_RTOS/components/finsh/cmd.c.obj
                0x08001c28                list_thread
 .text.bus_fault_track
                0x08001d74       0xc4 CMakeFiles/test2.elf.dir/Middlewares/Third_Party/RealThread_RTOS/libcpu/arm/cortex-m4/cpuport.c.obj
 .text.mem_manage_fault_track
                0x08001e38       0xac CMakeFiles/test2.elf.dir/Middlewares/Third_Party/RealThread_RTOS/libcpu/arm/cortex-m4/cpuport.c.obj
 .text.usage_fault_track
                0x08001ee4       0xb0 CMakeFiles/test2.elf.dir/Middlewares/Third_Party/RealThread_RTOS/libcpu/arm/cortex-m4/cpuport.c.obj
 .text.hard_fault_track
                0x08001f94       0x74 CMakeFiles/test2.elf.dir/Middlewares/Third_Party/RealThread_RTOS/libcpu/arm/cortex-m4/cpuport.c.obj
 .text.rt_hw_stack_init
                0x08002008       0x4c CMakeFiles/test2.elf.dir/Middlewares/Third_Party/RealThread_RTOS/libcpu/arm/cortex-m4/cpuport.c.obj
                0x08002008                rt_hw_stack_init
 .text.rt_hw_hard_fault_exception
                0x08002054      0x11c CMakeFiles/test2.elf.dir/Middlewares/Third_Party/RealThread_RTOS/libcpu/arm/cortex-m4/cpuport.c.obj
                0x08002054                rt_hw_hard_fault_exception
 .text.rt_tick_get
                0x08002170        0xc CMakeFiles/test2.elf.dir/Middlewares/Third_Party/RealThread_RTOS/src/clock.c.obj
                0x08002170                rt_tick_get
 .text.rt_tick_increase
                0x0800217c       0x2c CMakeFiles/test2.elf.dir/Middlewares/Third_Party/RealThread_RTOS/src/clock.c.obj
                0x0800217c                rt_tick_increase
 .text.rti_board_start
                0x080021a8        0x4 CMakeFiles/test2.elf.dir/Middlewares/Third_Party/RealThread_RTOS/src/components.c.obj
 .text.rti_board_end
                0x080021ac        0x4 CMakeFiles/test2.elf.dir/Middlewares/Third_Party/RealThread_RTOS/src/components.c.obj
 .text.rti_end  0x080021b0        0x4 CMakeFiles/test2.elf.dir/Middlewares/Third_Party/RealThread_RTOS/src/components.c.obj
 .text.rt_components_board_init
                0x080021b4       0x34 CMakeFiles/test2.elf.dir/Middlewares/Third_Party/RealThread_RTOS/src/components.c.obj
                0x080021b4                rt_components_board_init
 .text.rt_components_init
                0x080021e8       0x40 CMakeFiles/test2.elf.dir/Middlewares/Third_Party/RealThread_RTOS/src/components.c.obj
                0x080021e8                rt_components_init
 .text.main_thread_entry
                0x08002228        0xc CMakeFiles/test2.elf.dir/Middlewares/Third_Party/RealThread_RTOS/src/components.c.obj
                0x08002228                main_thread_entry
 .text.rt_application_init
                0x08002234       0x44 CMakeFiles/test2.elf.dir/Middlewares/Third_Party/RealThread_RTOS/src/components.c.obj
                0x08002234                rt_application_init
 .text.rtthread_startup
                0x08002278       0x2a CMakeFiles/test2.elf.dir/Middlewares/Third_Party/RealThread_RTOS/src/components.c.obj
                0x08002278                rtthread_startup
 .text.entry    0x080022a2        0xa CMakeFiles/test2.elf.dir/Middlewares/Third_Party/RealThread_RTOS/src/components.c.obj
                0x080022a2                entry
 .text.rt_thread_idle_excute
                0x080022ac       0x78 CMakeFiles/test2.elf.dir/Middlewares/Third_Party/RealThread_RTOS/src/idle.c.obj
                0x080022ac                rt_thread_idle_excute
 .text.rt_thread_idle_entry
                0x08002324       0x24 CMakeFiles/test2.elf.dir/Middlewares/Third_Party/RealThread_RTOS/src/idle.c.obj
 .text.rt_thread_idle_init
                0x08002348       0x40 CMakeFiles/test2.elf.dir/Middlewares/Third_Party/RealThread_RTOS/src/idle.c.obj
                0x08002348                rt_thread_idle_init
 .text.rt_sem_init
                0x08002388       0x50 CMakeFiles/test2.elf.dir/Middlewares/Third_Party/RealThread_RTOS/src/ipc.c.obj
                0x08002388                rt_sem_init
 .text.rt_sem_take
                0x080023d8      0x190 CMakeFiles/test2.elf.dir/Middlewares/Third_Party/RealThread_RTOS/src/ipc.c.obj
                0x080023d8                rt_sem_take
 .text.rt_sem_release
                0x08002568       0x94 CMakeFiles/test2.elf.dir/Middlewares/Third_Party/RealThread_RTOS/src/ipc.c.obj
                0x08002568                rt_sem_release
 .text.rt_interrupt_enter
                0x080025fc       0x2c CMakeFiles/test2.elf.dir/Middlewares/Third_Party/RealThread_RTOS/src/irq.c.obj
                0x080025fc                rt_interrupt_enter
 .text.rt_interrupt_leave
                0x08002628       0x2c CMakeFiles/test2.elf.dir/Middlewares/Third_Party/RealThread_RTOS/src/irq.c.obj
                0x08002628                rt_interrupt_leave
 .text.rt_interrupt_get_nest
                0x08002654       0x18 CMakeFiles/test2.elf.dir/Middlewares/Third_Party/RealThread_RTOS/src/irq.c.obj
                0x08002654                rt_interrupt_get_nest
 .text.print_number
                0x0800266c      0x16c CMakeFiles/test2.elf.dir/Middlewares/Third_Party/RealThread_RTOS/src/kservice.c.obj
 .text.rt_set_errno
                0x080027d8       0x24 CMakeFiles/test2.elf.dir/Middlewares/Third_Party/RealThread_RTOS/src/kservice.c.obj
                0x080027d8                rt_set_errno
 .text.rt_memset
                0x080027fc       0x14 CMakeFiles/test2.elf.dir/Middlewares/Third_Party/RealThread_RTOS/src/kservice.c.obj
                0x080027fc                rt_memset
 .text.rt_strncpy
                0x08002810       0x2c CMakeFiles/test2.elf.dir/Middlewares/Third_Party/RealThread_RTOS/src/kservice.c.obj
                0x08002810                rt_strncpy
 .text.rt_strlen
                0x0800283c       0x10 CMakeFiles/test2.elf.dir/Middlewares/Third_Party/RealThread_RTOS/src/kservice.c.obj
                0x0800283c                rt_strlen
 .text.rt_vsnprintf
                0x0800284c      0x2f8 CMakeFiles/test2.elf.dir/Middlewares/Third_Party/RealThread_RTOS/src/kservice.c.obj
                0x0800284c                rt_vsnprintf
 .text.rt_kprintf
                0x08002b44       0x54 CMakeFiles/test2.elf.dir/Middlewares/Third_Party/RealThread_RTOS/src/kservice.c.obj
                0x08002b44                rt_kprintf
 .text.rt_show_version
                0x08002b98       0x40 CMakeFiles/test2.elf.dir/Middlewares/Third_Party/RealThread_RTOS/src/kservice.c.obj
                0x08002b98                rt_show_version
 .text.__rt_ffs
                0x08002bd8       0x44 CMakeFiles/test2.elf.dir/Middlewares/Third_Party/RealThread_RTOS/src/kservice.c.obj
                0x08002bd8                __rt_ffs
 .text.rt_assert_handler
                0x08002c1c       0x38 CMakeFiles/test2.elf.dir/Middlewares/Third_Party/RealThread_RTOS/src/kservice.c.obj
                0x08002c1c                rt_assert_handler
 .text.plug_holes
                0x08002c54       0xb4 CMakeFiles/test2.elf.dir/Middlewares/Third_Party/RealThread_RTOS/src/mem.c.obj
 .text.rt_system_heap_init
                0x08002d08       0xbc CMakeFiles/test2.elf.dir/Middlewares/Third_Party/RealThread_RTOS/src/mem.c.obj
                0x08002d08                rt_system_heap_init
 .text.rt_malloc
                0x08002dc4      0x1d4 CMakeFiles/test2.elf.dir/Middlewares/Third_Party/RealThread_RTOS/src/mem.c.obj
                0x08002dc4                rt_malloc
 .text.rt_free  0x08002f98      0x15c CMakeFiles/test2.elf.dir/Middlewares/Third_Party/RealThread_RTOS/src/mem.c.obj
                0x08002f98                rt_free
 .text.rt_object_get_information
                0x080030f4       0x24 CMakeFiles/test2.elf.dir/Middlewares/Third_Party/RealThread_RTOS/src/object.c.obj
                0x080030f4                rt_object_get_information
 .text.rt_object_init
                0x08003118       0x98 CMakeFiles/test2.elf.dir/Middlewares/Third_Party/RealThread_RTOS/src/object.c.obj
                0x08003118                rt_object_init
 .text.rt_object_detach
                0x080031b0       0x4c CMakeFiles/test2.elf.dir/Middlewares/Third_Party/RealThread_RTOS/src/object.c.obj
                0x080031b0                rt_object_detach
 .text.rt_object_allocate
                0x080031fc       0xa8 CMakeFiles/test2.elf.dir/Middlewares/Third_Party/RealThread_RTOS/src/object.c.obj
                0x080031fc                rt_object_allocate
 .text.rt_object_delete
                0x080032a4       0x6c CMakeFiles/test2.elf.dir/Middlewares/Third_Party/RealThread_RTOS/src/object.c.obj
                0x080032a4                rt_object_delete
 .text.rt_object_is_systemobject
                0x08003310       0x2c CMakeFiles/test2.elf.dir/Middlewares/Third_Party/RealThread_RTOS/src/object.c.obj
                0x08003310                rt_object_is_systemobject
 .text.rt_object_get_type
                0x0800333c       0x24 CMakeFiles/test2.elf.dir/Middlewares/Third_Party/RealThread_RTOS/src/object.c.obj
                0x0800333c                rt_object_get_type
 .text._rt_scheduler_stack_check
                0x08003360       0x60 CMakeFiles/test2.elf.dir/Middlewares/Third_Party/RealThread_RTOS/src/scheduler.c.obj
 .text.rt_system_scheduler_init
                0x080033c0       0x4c CMakeFiles/test2.elf.dir/Middlewares/Third_Party/RealThread_RTOS/src/scheduler.c.obj
                0x080033c0                rt_system_scheduler_init
 .text.rt_system_scheduler_start
                0x0800340c       0x30 CMakeFiles/test2.elf.dir/Middlewares/Third_Party/RealThread_RTOS/src/scheduler.c.obj
                0x0800340c                rt_system_scheduler_start
 .text.rt_schedule
                0x0800343c       0x90 CMakeFiles/test2.elf.dir/Middlewares/Third_Party/RealThread_RTOS/src/scheduler.c.obj
                0x0800343c                rt_schedule
 .text.rt_schedule_insert_thread
                0x080034cc       0x64 CMakeFiles/test2.elf.dir/Middlewares/Third_Party/RealThread_RTOS/src/scheduler.c.obj
                0x080034cc                rt_schedule_insert_thread
 .text.rt_schedule_remove_thread
                0x08003530       0x60 CMakeFiles/test2.elf.dir/Middlewares/Third_Party/RealThread_RTOS/src/scheduler.c.obj
                0x08003530                rt_schedule_remove_thread
 .text.rt_enter_critical
                0x08003590       0x18 CMakeFiles/test2.elf.dir/Middlewares/Third_Party/RealThread_RTOS/src/scheduler.c.obj
                0x08003590                rt_enter_critical
 .text.rt_exit_critical
                0x080035a8       0x3c CMakeFiles/test2.elf.dir/Middlewares/Third_Party/RealThread_RTOS/src/scheduler.c.obj
                0x080035a8                rt_exit_critical
 .text._thread_cleanup_execute
                0x080035e4       0x1a CMakeFiles/test2.elf.dir/Middlewares/Third_Party/RealThread_RTOS/src/thread.c.obj
 *fill*         0x080035fe        0x2 
 .text.rt_thread_exit
                0x08003600       0x5c CMakeFiles/test2.elf.dir/Middlewares/Third_Party/RealThread_RTOS/src/thread.c.obj
                0x08003600                rt_thread_exit
 .text._rt_thread_init
                0x0800365c       0x9c CMakeFiles/test2.elf.dir/Middlewares/Third_Party/RealThread_RTOS/src/thread.c.obj
 .text.rt_thread_timeout
                0x080036f8       0x7c CMakeFiles/test2.elf.dir/Middlewares/Third_Party/RealThread_RTOS/src/thread.c.obj
                0x080036f8                rt_thread_timeout
 .text.rt_thread_init
                0x08003774       0x6c CMakeFiles/test2.elf.dir/Middlewares/Third_Party/RealThread_RTOS/src/thread.c.obj
                0x08003774                rt_thread_init
 .text.rt_thread_self
                0x080037e0        0xc CMakeFiles/test2.elf.dir/Middlewares/Third_Party/RealThread_RTOS/src/thread.c.obj
                0x080037e0                rt_thread_self
 .text.rt_thread_create
                0x080037ec       0x50 CMakeFiles/test2.elf.dir/Middlewares/Third_Party/RealThread_RTOS/src/thread.c.obj
                0x080037ec                rt_thread_create
 .text.rt_thread_yield
                0x0800383c       0x5c CMakeFiles/test2.elf.dir/Middlewares/Third_Party/RealThread_RTOS/src/thread.c.obj
                0x0800383c                rt_thread_yield
 .text.rt_thread_suspend
                0x08003898       0x8c CMakeFiles/test2.elf.dir/Middlewares/Third_Party/RealThread_RTOS/src/thread.c.obj
                0x08003898                rt_thread_suspend
 .text.rt_thread_sleep
                0x08003924       0x80 CMakeFiles/test2.elf.dir/Middlewares/Third_Party/RealThread_RTOS/src/thread.c.obj
                0x08003924                rt_thread_sleep
 .text.rt_thread_delay
                0x080039a4        0x8 CMakeFiles/test2.elf.dir/Middlewares/Third_Party/RealThread_RTOS/src/thread.c.obj
                0x080039a4                rt_thread_delay
 .text.rt_thread_resume
                0x080039ac       0x8c CMakeFiles/test2.elf.dir/Middlewares/Third_Party/RealThread_RTOS/src/thread.c.obj
                0x080039ac                rt_thread_resume
 .text.rt_thread_startup
                0x08003a38       0x7c CMakeFiles/test2.elf.dir/Middlewares/Third_Party/RealThread_RTOS/src/thread.c.obj
                0x08003a38                rt_thread_startup
 .text._rt_timer_init
                0x08003ab4       0x32 CMakeFiles/test2.elf.dir/Middlewares/Third_Party/RealThread_RTOS/src/timer.c.obj
 .text.rt_timer_list_next_timeout
                0x08003ae6       0x1e CMakeFiles/test2.elf.dir/Middlewares/Third_Party/RealThread_RTOS/src/timer.c.obj
 .text.rt_timer_init
                0x08003b04       0x44 CMakeFiles/test2.elf.dir/Middlewares/Third_Party/RealThread_RTOS/src/timer.c.obj
                0x08003b04                rt_timer_init
 .text.rt_timer_detach
                0x08003b48       0x90 CMakeFiles/test2.elf.dir/Middlewares/Third_Party/RealThread_RTOS/src/timer.c.obj
                0x08003b48                rt_timer_detach
 .text.rt_timer_start
                0x08003bd8      0x15c CMakeFiles/test2.elf.dir/Middlewares/Third_Party/RealThread_RTOS/src/timer.c.obj
                0x08003bd8                rt_timer_start
 .text.rt_timer_stop
                0x08003d34       0x90 CMakeFiles/test2.elf.dir/Middlewares/Third_Party/RealThread_RTOS/src/timer.c.obj
                0x08003d34                rt_timer_stop
 .text.rt_timer_control
                0x08003dc4       0x88 CMakeFiles/test2.elf.dir/Middlewares/Third_Party/RealThread_RTOS/src/timer.c.obj
                0x08003dc4                rt_timer_control
 .text.rt_timer_check
                0x08003e4c       0xdc CMakeFiles/test2.elf.dir/Middlewares/Third_Party/RealThread_RTOS/src/timer.c.obj
                0x08003e4c                rt_timer_check
 .text.rt_soft_timer_check
                0x08003f28       0xf8 CMakeFiles/test2.elf.dir/Middlewares/Third_Party/RealThread_RTOS/src/timer.c.obj
                0x08003f28                rt_soft_timer_check
 .text.rt_thread_timer_entry
                0x08004020       0x3c CMakeFiles/test2.elf.dir/Middlewares/Third_Party/RealThread_RTOS/src/timer.c.obj
 .text.rt_system_timer_init
                0x0800405c       0x1c CMakeFiles/test2.elf.dir/Middlewares/Third_Party/RealThread_RTOS/src/timer.c.obj
                0x0800405c                rt_system_timer_init
 .text.rt_system_timer_thread_init
                0x08004078       0x58 CMakeFiles/test2.elf.dir/Middlewares/Third_Party/RealThread_RTOS/src/timer.c.obj
                0x08004078                rt_system_timer_thread_init
 .text.__libc_init_array
                0x080040d0       0x48 e:/progra~1/gcc-ar~1/bin/../lib/gcc/arm-none-eabi/10.3.1/../../../../arm-none-eabi/lib/thumb/v7e-m/nofp\libg.a(lib_a-init.o)
                0x080040d0                __libc_init_array
 .text.memset   0x08004118       0xa4 e:/progra~1/gcc-ar~1/bin/../lib/gcc/arm-none-eabi/10.3.1/../../../../arm-none-eabi/lib/thumb/v7e-m/nofp\libg.a(lib_a-memset.o)
                0x08004118                memset
 .text.startup.register_fini
                0x080041bc       0x14 e:/progra~1/gcc-ar~1/bin/../lib/gcc/arm-none-eabi/10.3.1/../../../../arm-none-eabi/lib/thumb/v7e-m/nofp\libg.a(lib_a-__call_atexit.o)
 .text.atexit   0x080041d0        0xc e:/progra~1/gcc-ar~1/bin/../lib/gcc/arm-none-eabi/10.3.1/../../../../arm-none-eabi/lib/thumb/v7e-m/nofp\libg.a(lib_a-atexit.o)
                0x080041d0                atexit
 .text.__libc_fini_array
                0x080041dc       0x2c e:/progra~1/gcc-ar~1/bin/../lib/gcc/arm-none-eabi/10.3.1/../../../../arm-none-eabi/lib/thumb/v7e-m/nofp\libg.a(lib_a-fini.o)
                0x080041dc                __libc_fini_array
 .text.__retarget_lock_acquire_recursive
                0x08004208        0x4 e:/progra~1/gcc-ar~1/bin/../lib/gcc/arm-none-eabi/10.3.1/../../../../arm-none-eabi/lib/thumb/v7e-m/nofp\libg.a(lib_a-lock.o)
                0x08004208                __retarget_lock_acquire_recursive
 .text.__retarget_lock_release_recursive
                0x0800420c        0x4 e:/progra~1/gcc-ar~1/bin/../lib/gcc/arm-none-eabi/10.3.1/../../../../arm-none-eabi/lib/thumb/v7e-m/nofp\libg.a(lib_a-lock.o)
                0x0800420c                __retarget_lock_release_recursive
 .text.__register_exitproc
                0x08004210       0x8c e:/progra~1/gcc-ar~1/bin/../lib/gcc/arm-none-eabi/10.3.1/../../../../arm-none-eabi/lib/thumb/v7e-m/nofp\libg.a(lib_a-__atexit.o)
                0x08004210                __register_exitproc
 *(.glue_7)
 .glue_7        0x0800429c        0x0 linker stubs
 *(.glue_7t)
 .glue_7t       0x0800429c        0x0 linker stubs
 *(.eh_frame)
 .eh_frame      0x0800429c        0x0 e:/progra~1/gcc-ar~1/bin/../lib/gcc/arm-none-eabi/10.3.1/thumb/v7e-m/nofp/crtbegin.o
 *(.init)
 .init          0x0800429c        0x4 e:/progra~1/gcc-ar~1/bin/../lib/gcc/arm-none-eabi/10.3.1/thumb/v7e-m/nofp/crti.o
                0x0800429c                _init
 .init          0x080042a0        0x8 e:/progra~1/gcc-ar~1/bin/../lib/gcc/arm-none-eabi/10.3.1/thumb/v7e-m/nofp/crtn.o
 *(.fini)
 .fini          0x080042a8        0x4 e:/progra~1/gcc-ar~1/bin/../lib/gcc/arm-none-eabi/10.3.1/thumb/v7e-m/nofp/crti.o
                0x080042a8                _fini
 .fini          0x080042ac        0x8 e:/progra~1/gcc-ar~1/bin/../lib/gcc/arm-none-eabi/10.3.1/thumb/v7e-m/nofp/crtn.o
                0x080042b4                . = ALIGN (0x4)
                0x080042b4                _etext = .

.vfp11_veneer   0x080042b4        0x0
 .vfp11_veneer  0x080042b4        0x0 linker stubs

.v4_bx          0x080042b4        0x0
 .v4_bx         0x080042b4        0x0 linker stubs

.iplt           0x080042b4        0x0
 .iplt          0x080042b4        0x0 e:/progra~1/gcc-ar~1/bin/../lib/gcc/arm-none-eabi/10.3.1/thumb/v7e-m/nofp/crtbegin.o

.rodata         0x080042b4      0xeec
                0x080042b4                . = ALIGN (0x4)
 *(.rodata)
 *(.rodata*)
 .rodata.AHBPrescTable
                0x080042b4       0x10 CMakeFiles/test2.elf.dir/Core/Src/system_stm32f4xx.c.obj
                0x080042b4                AHBPrescTable
 .rodata.APBPrescTable
                0x080042c4        0x8 CMakeFiles/test2.elf.dir/Core/Src/system_stm32f4xx.c.obj
                0x080042c4                APBPrescTable
 .rodata.rt_device_unregister.str1.4
                0x080042cc       0x74 CMakeFiles/test2.elf.dir/Middlewares/Third_Party/RealThread_RTOS/components/device/device.c.obj
 .rodata.__FUNCTION__.3
                0x08004340       0x10 CMakeFiles/test2.elf.dir/Middlewares/Third_Party/RealThread_RTOS/components/device/device.c.obj
 .rodata.list_thread.str1.4
                0x08004350      0x100 CMakeFiles/test2.elf.dir/Middlewares/Third_Party/RealThread_RTOS/components/finsh/cmd.c.obj
 .rodata.bus_fault_track.str1.4
                0x08004450       0x70 CMakeFiles/test2.elf.dir/Middlewares/Third_Party/RealThread_RTOS/libcpu/arm/cortex-m4/cpuport.c.obj
                                 0x72 (size before relaxing)
 .rodata.mem_manage_fault_track.str1.4
                0x080044c0       0x6c CMakeFiles/test2.elf.dir/Middlewares/Third_Party/RealThread_RTOS/libcpu/arm/cortex-m4/cpuport.c.obj
 .rodata.usage_fault_track.str1.4
                0x0800452c       0x67 CMakeFiles/test2.elf.dir/Middlewares/Third_Party/RealThread_RTOS/libcpu/arm/cortex-m4/cpuport.c.obj
 *fill*         0x08004593        0x1 
 .rodata.hard_fault_track.str1.4
                0x08004594       0x25 CMakeFiles/test2.elf.dir/Middlewares/Third_Party/RealThread_RTOS/libcpu/arm/cortex-m4/cpuport.c.obj
 *fill*         0x080045b9        0x3 
 .rodata.rt_hw_hard_fault_exception.str1.4
                0x080045bc      0x14a CMakeFiles/test2.elf.dir/Middlewares/Third_Party/RealThread_RTOS/libcpu/arm/cortex-m4/cpuport.c.obj
 *fill*         0x08004706        0x2 
 .rodata.rt_components_board_init.str1.4
                0x08004708       0x1a CMakeFiles/test2.elf.dir/Middlewares/Third_Party/RealThread_RTOS/src/components.c.obj
 *fill*         0x08004722        0x2 
 .rodata.rt_components_init.str1.4
                0x08004724       0x1f CMakeFiles/test2.elf.dir/Middlewares/Third_Party/RealThread_RTOS/src/components.c.obj
 *fill*         0x08004743        0x1 
 .rodata.rt_application_init.str1.4
                0x08004744       0x17 CMakeFiles/test2.elf.dir/Middlewares/Third_Party/RealThread_RTOS/src/components.c.obj
 *fill*         0x0800475b        0x1 
 .rodata.__FUNCTION__.0
                0x0800475c       0x14 CMakeFiles/test2.elf.dir/Middlewares/Third_Party/RealThread_RTOS/src/components.c.obj
 .rodata.__rti_rti_board_end_name
                0x08004770        0xe CMakeFiles/test2.elf.dir/Middlewares/Third_Party/RealThread_RTOS/src/components.c.obj
                0x08004770                __rti_rti_board_end_name
 *fill*         0x0800477e        0x2 
 .rodata.__rti_rti_board_start_name
                0x08004780       0x10 CMakeFiles/test2.elf.dir/Middlewares/Third_Party/RealThread_RTOS/src/components.c.obj
                0x08004780                __rti_rti_board_start_name
 .rodata.__rti_rti_end_name
                0x08004790        0x8 CMakeFiles/test2.elf.dir/Middlewares/Third_Party/RealThread_RTOS/src/components.c.obj
                0x08004790                __rti_rti_end_name
 .rodata.rt_thread_idle_excute.str1.4
                0x08004798       0x2a CMakeFiles/test2.elf.dir/Middlewares/Third_Party/RealThread_RTOS/src/idle.c.obj
 *fill*         0x080047c2        0x2 
 .rodata.rt_thread_idle_init.str1.4
                0x080047c4        0x6 CMakeFiles/test2.elf.dir/Middlewares/Third_Party/RealThread_RTOS/src/idle.c.obj
 *fill*         0x080047ca        0x2 
 .rodata.__FUNCTION__.0
                0x080047cc       0x16 CMakeFiles/test2.elf.dir/Middlewares/Third_Party/RealThread_RTOS/src/idle.c.obj
 *fill*         0x080047e2        0x2 
 .rodata.rt_sem_init.str1.4
                0x080047e4       0x21 CMakeFiles/test2.elf.dir/Middlewares/Third_Party/RealThread_RTOS/src/ipc.c.obj
 *fill*         0x08004805        0x3 
 .rodata.rt_sem_detach.str1.4
                0x08004808       0x77 CMakeFiles/test2.elf.dir/Middlewares/Third_Party/RealThread_RTOS/src/ipc.c.obj
 .rodata.rt_sem_create.str1.4
                0x0800487f       0x2a CMakeFiles/test2.elf.dir/Middlewares/Third_Party/RealThread_RTOS/src/ipc.c.obj
 *fill*         0x0800487f        0x1 
 .rodata.rt_sem_take.str1.4
                0x08004880       0x37 CMakeFiles/test2.elf.dir/Middlewares/Third_Party/RealThread_RTOS/src/ipc.c.obj
 *fill*         0x080048b7        0x1 
 .rodata.__FUNCTION__.30
                0x080048b8        0xf CMakeFiles/test2.elf.dir/Middlewares/Third_Party/RealThread_RTOS/src/ipc.c.obj
 *fill*         0x080048c7        0x1 
 .rodata.__FUNCTION__.31
                0x080048c8        0xc CMakeFiles/test2.elf.dir/Middlewares/Third_Party/RealThread_RTOS/src/ipc.c.obj
 .rodata.__FUNCTION__.35
                0x080048d4        0xc CMakeFiles/test2.elf.dir/Middlewares/Third_Party/RealThread_RTOS/src/ipc.c.obj
 .rodata.rt_vsnprintf.str1.4
                0x080048e0        0x7 CMakeFiles/test2.elf.dir/Middlewares/Third_Party/RealThread_RTOS/src/kservice.c.obj
 *fill*         0x080048e7        0x1 
 .rodata.rt_show_version.str1.4
                0x080048e8       0x86 CMakeFiles/test2.elf.dir/Middlewares/Third_Party/RealThread_RTOS/src/kservice.c.obj
 *fill*         0x0800496e        0x2 
 .rodata.rt_assert_handler.str1.4
                0x08004970       0x37 CMakeFiles/test2.elf.dir/Middlewares/Third_Party/RealThread_RTOS/src/kservice.c.obj
 *fill*         0x080049a7        0x1 
 .rodata.__lowest_bit_bitmap
                0x080049a8      0x100 CMakeFiles/test2.elf.dir/Middlewares/Third_Party/RealThread_RTOS/src/kservice.c.obj
                0x080049a8                __lowest_bit_bitmap
 .rodata.large_digits.2
                0x08004aa8       0x11 CMakeFiles/test2.elf.dir/Middlewares/Third_Party/RealThread_RTOS/src/kservice.c.obj
 *fill*         0x08004ab9        0x3 
 .rodata.small_digits.1
                0x08004abc       0x11 CMakeFiles/test2.elf.dir/Middlewares/Third_Party/RealThread_RTOS/src/kservice.c.obj
 *fill*         0x08004acd        0x3 
 .rodata.plug_holes.str1.4
                0x08004ad0       0x5b CMakeFiles/test2.elf.dir/Middlewares/Third_Party/RealThread_RTOS/src/mem.c.obj
 *fill*         0x08004b2b        0x1 
 .rodata.rt_system_heap_init.str1.4
                0x08004b2c       0x42 CMakeFiles/test2.elf.dir/Middlewares/Third_Party/RealThread_RTOS/src/mem.c.obj
                                 0x6e (size before relaxing)
 *fill*         0x08004b6e        0x2 
 .rodata.rt_malloc.str1.4
                0x08004b70       0xe7 CMakeFiles/test2.elf.dir/Middlewares/Third_Party/RealThread_RTOS/src/mem.c.obj
 *fill*         0x08004c57        0x1 
 .rodata.rt_free.str1.4
                0x08004c58       0xfd CMakeFiles/test2.elf.dir/Middlewares/Third_Party/RealThread_RTOS/src/mem.c.obj
 *fill*         0x08004d55        0x3 
 .rodata.__FUNCTION__.0
                0x08004d58        0x8 CMakeFiles/test2.elf.dir/Middlewares/Third_Party/RealThread_RTOS/src/mem.c.obj
 .rodata.__FUNCTION__.1
                0x08004d60        0xb CMakeFiles/test2.elf.dir/Middlewares/Third_Party/RealThread_RTOS/src/mem.c.obj
 *fill*         0x08004d6b        0x1 
 .rodata.__FUNCTION__.3
                0x08004d6c        0xa CMakeFiles/test2.elf.dir/Middlewares/Third_Party/RealThread_RTOS/src/mem.c.obj
 *fill*         0x08004d76        0x2 
 .rodata.__FUNCTION__.4
                0x08004d78       0x14 CMakeFiles/test2.elf.dir/Middlewares/Third_Party/RealThread_RTOS/src/mem.c.obj
 .rodata.rt_object_init.str1.4
                0x08004d8c       0x26 CMakeFiles/test2.elf.dir/Middlewares/Third_Party/RealThread_RTOS/src/object.c.obj
 *fill*         0x08004db2        0x2 
 .rodata.rt_object_detach.str1.4
                0x08004db4       0x12 CMakeFiles/test2.elf.dir/Middlewares/Third_Party/RealThread_RTOS/src/object.c.obj
 .rodata.rt_object_allocate.str1.4
                0x08004dc6       0x2a CMakeFiles/test2.elf.dir/Middlewares/Third_Party/RealThread_RTOS/src/object.c.obj
 *fill*         0x08004dc6        0x2 
 .rodata.rt_object_delete.str1.4
                0x08004dc8       0x29 CMakeFiles/test2.elf.dir/Middlewares/Third_Party/RealThread_RTOS/src/object.c.obj
 *fill*         0x08004df1        0x3 
 .rodata.__FUNCTION__.1
                0x08004df4       0x13 CMakeFiles/test2.elf.dir/Middlewares/Third_Party/RealThread_RTOS/src/object.c.obj
 *fill*         0x08004e07        0x1 
 .rodata.__FUNCTION__.2
                0x08004e08       0x1a CMakeFiles/test2.elf.dir/Middlewares/Third_Party/RealThread_RTOS/src/object.c.obj
 *fill*         0x08004e22        0x2 
 .rodata.__FUNCTION__.3
                0x08004e24       0x11 CMakeFiles/test2.elf.dir/Middlewares/Third_Party/RealThread_RTOS/src/object.c.obj
 *fill*         0x08004e35        0x3 
 .rodata.__FUNCTION__.4
                0x08004e38       0x13 CMakeFiles/test2.elf.dir/Middlewares/Third_Party/RealThread_RTOS/src/object.c.obj
 *fill*         0x08004e4b        0x1 
 .rodata.__FUNCTION__.5
                0x08004e4c       0x11 CMakeFiles/test2.elf.dir/Middlewares/Third_Party/RealThread_RTOS/src/object.c.obj
 *fill*         0x08004e5d        0x3 
 .rodata.__FUNCTION__.6
                0x08004e60        0xf CMakeFiles/test2.elf.dir/Middlewares/Third_Party/RealThread_RTOS/src/object.c.obj
 *fill*         0x08004e6f        0x1 
 .rodata._rt_scheduler_stack_check.str1.4
                0x08004e70       0x65 CMakeFiles/test2.elf.dir/Middlewares/Third_Party/RealThread_RTOS/src/scheduler.c.obj
 *fill*         0x08004ed5        0x3 
 .rodata.__FUNCTION__.0
                0x08004ed8       0x1a CMakeFiles/test2.elf.dir/Middlewares/Third_Party/RealThread_RTOS/src/scheduler.c.obj
 *fill*         0x08004ef2        0x2 
 .rodata.__FUNCTION__.1
                0x08004ef4       0x1a CMakeFiles/test2.elf.dir/Middlewares/Third_Party/RealThread_RTOS/src/scheduler.c.obj
 *fill*         0x08004f0e        0x2 
 .rodata.__FUNCTION__.2
                0x08004f10       0x1a CMakeFiles/test2.elf.dir/Middlewares/Third_Party/RealThread_RTOS/src/scheduler.c.obj
 *fill*         0x08004f2a        0x2 
 .rodata._rt_thread_init.str1.4
                0x08004f2c       0x22 CMakeFiles/test2.elf.dir/Middlewares/Third_Party/RealThread_RTOS/src/thread.c.obj
 *fill*         0x08004f4e        0x2 
 .rodata.rt_thread_timeout.str1.4
                0x08004f50       0x7e CMakeFiles/test2.elf.dir/Middlewares/Third_Party/RealThread_RTOS/src/thread.c.obj
                                 0x92 (size before relaxing)
 *fill*         0x08004fce        0x2 
 .rodata.rt_thread_init.str1.4
                0x08004fd0       0x17 CMakeFiles/test2.elf.dir/Middlewares/Third_Party/RealThread_RTOS/src/thread.c.obj
 *fill*         0x08004fe7        0x1 
 .rodata.rt_thread_startup.str1.4
                0x08004fe8       0x37 CMakeFiles/test2.elf.dir/Middlewares/Third_Party/RealThread_RTOS/src/thread.c.obj
 *fill*         0x0800501f        0x1 
 .rodata.__FUNCTION__.0
                0x08005020       0x12 CMakeFiles/test2.elf.dir/Middlewares/Third_Party/RealThread_RTOS/src/thread.c.obj
 *fill*         0x08005032        0x2 
 .rodata.__FUNCTION__.1
                0x08005034       0x11 CMakeFiles/test2.elf.dir/Middlewares/Third_Party/RealThread_RTOS/src/thread.c.obj
 *fill*         0x08005045        0x3 
 .rodata.__FUNCTION__.10
                0x08005048        0xf CMakeFiles/test2.elf.dir/Middlewares/Third_Party/RealThread_RTOS/src/thread.c.obj
 *fill*         0x08005057        0x1 
 .rodata.__FUNCTION__.2
                0x08005058       0x12 CMakeFiles/test2.elf.dir/Middlewares/Third_Party/RealThread_RTOS/src/thread.c.obj
 *fill*         0x0800506a        0x2 
 .rodata.__FUNCTION__.5
                0x0800506c       0x10 CMakeFiles/test2.elf.dir/Middlewares/Third_Party/RealThread_RTOS/src/thread.c.obj
 .rodata.__FUNCTION__.8
                0x0800507c       0x12 CMakeFiles/test2.elf.dir/Middlewares/Third_Party/RealThread_RTOS/src/thread.c.obj
 *fill*         0x0800508e        0x2 
 .rodata.__FUNCTION__.9
                0x08005090       0x10 CMakeFiles/test2.elf.dir/Middlewares/Third_Party/RealThread_RTOS/src/thread.c.obj
 .rodata.rt_timer_init.str1.4
                0x080050a0       0x11 CMakeFiles/test2.elf.dir/Middlewares/Third_Party/RealThread_RTOS/src/timer.c.obj
 *fill*         0x080050b1        0x3 
 .rodata.rt_timer_detach.str1.4
                0x080050b4       0x66 CMakeFiles/test2.elf.dir/Middlewares/Third_Party/RealThread_RTOS/src/timer.c.obj
 *fill*         0x0800511a        0x2 
 .rodata.rt_timer_start.str1.4
                0x0800511c       0x23 CMakeFiles/test2.elf.dir/Middlewares/Third_Party/RealThread_RTOS/src/timer.c.obj
 *fill*         0x0800513f        0x1 
 .rodata.rt_system_timer_thread_init.str1.4
                0x08005140        0x6 CMakeFiles/test2.elf.dir/Middlewares/Third_Party/RealThread_RTOS/src/timer.c.obj
 *fill*         0x08005146        0x2 
 .rodata.__FUNCTION__.0
                0x08005148       0x11 CMakeFiles/test2.elf.dir/Middlewares/Third_Party/RealThread_RTOS/src/timer.c.obj
 *fill*         0x08005159        0x3 
 .rodata.__FUNCTION__.1
                0x0800515c        0xe CMakeFiles/test2.elf.dir/Middlewares/Third_Party/RealThread_RTOS/src/timer.c.obj
 *fill*         0x0800516a        0x2 
 .rodata.__FUNCTION__.3
                0x0800516c        0xf CMakeFiles/test2.elf.dir/Middlewares/Third_Party/RealThread_RTOS/src/timer.c.obj
 *fill*         0x0800517b        0x1 
 .rodata.__FUNCTION__.5
                0x0800517c       0x10 CMakeFiles/test2.elf.dir/Middlewares/Third_Party/RealThread_RTOS/src/timer.c.obj
 .rodata.__FUNCTION__.6
                0x0800518c        0xe CMakeFiles/test2.elf.dir/Middlewares/Third_Party/RealThread_RTOS/src/timer.c.obj
 *fill*         0x0800519a        0x2 
 .rodata._global_impure_ptr
                0x0800519c        0x4 e:/progra~1/gcc-ar~1/bin/../lib/gcc/arm-none-eabi/10.3.1/../../../../arm-none-eabi/lib/thumb/v7e-m/nofp\libg.a(lib_a-impure.o)
                0x0800519c                _global_impure_ptr
                0x080051a0                . = ALIGN (0x4)

.rti_fn.0.end   0x080051a0        0x8
 .rti_fn.0.end  0x080051a0        0x8 CMakeFiles/test2.elf.dir/Middlewares/Third_Party/RealThread_RTOS/src/components.c.obj
                0x080051a0                __rt_init_desc_rti_board_start

.rti_fn.1.end   0x080051a8        0x8
 .rti_fn.1.end  0x080051a8        0x8 CMakeFiles/test2.elf.dir/Middlewares/Third_Party/RealThread_RTOS/src/components.c.obj
                0x080051a8                __rt_init_desc_rti_board_end

.rti_fn.6.end   0x080051b0        0x8
 .rti_fn.6.end  0x080051b0        0x8 CMakeFiles/test2.elf.dir/Middlewares/Third_Party/RealThread_RTOS/src/components.c.obj
                0x080051b0                __rt_init_desc_rti_end

.ARM.extab      0x080051b8        0x0
                0x080051b8                . = ALIGN (0x4)
 *(.ARM.extab* .gnu.linkonce.armextab.*)
                0x080051b8                . = ALIGN (0x4)

.ARM            0x080051b8        0x8
                0x080051b8                . = ALIGN (0x4)
                0x080051b8                __exidx_start = .
 *(.ARM.exidx*)
 .ARM.exidx     0x080051b8        0x8 e:/progra~1/gcc-ar~1/bin/../lib/gcc/arm-none-eabi/10.3.1/thumb/v7e-m/nofp\libgcc.a(_udivmoddi4.o)
                0x080051c0                __exidx_end = .
                0x080051c0                . = ALIGN (0x4)

.rel.dyn        0x080051c0        0x0
 .rel.iplt      0x080051c0        0x0 e:/progra~1/gcc-ar~1/bin/../lib/gcc/arm-none-eabi/10.3.1/thumb/v7e-m/nofp/crtbegin.o

.preinit_array  0x080051c0        0x0
                0x080051c0                . = ALIGN (0x4)
                0x080051c0                PROVIDE (__preinit_array_start = .)
 *(.preinit_array*)
                0x080051c0                PROVIDE (__preinit_array_end = .)
                0x080051c0                . = ALIGN (0x4)

.init_array     0x080051c0        0x8
                0x080051c0                . = ALIGN (0x4)
                0x080051c0                PROVIDE (__init_array_start = .)
 *(SORT_BY_NAME(.init_array.*))
 .init_array.00000
                0x080051c0        0x4 e:/progra~1/gcc-ar~1/bin/../lib/gcc/arm-none-eabi/10.3.1/../../../../arm-none-eabi/lib/thumb/v7e-m/nofp\libg.a(lib_a-__call_atexit.o)
 *(.init_array*)
 .init_array    0x080051c4        0x4 e:/progra~1/gcc-ar~1/bin/../lib/gcc/arm-none-eabi/10.3.1/thumb/v7e-m/nofp/crtbegin.o
                0x080051c8                PROVIDE (__init_array_end = .)
                0x080051c8                . = ALIGN (0x4)

.fini_array     0x080051c8        0x4
                0x080051c8                . = ALIGN (0x4)
                0x080051c8                PROVIDE (__fini_array_start = .)
 *(SORT_BY_NAME(.fini_array.*))
 *(.fini_array*)
 .fini_array    0x080051c8        0x4 e:/progra~1/gcc-ar~1/bin/../lib/gcc/arm-none-eabi/10.3.1/thumb/v7e-m/nofp/crtbegin.o
                0x080051cc                PROVIDE (__fini_array_end = .)
                0x080051cc                . = ALIGN (0x4)
                0x080051cc                _sidata = LOADADDR (.data)

.data           0x20000000      0x4cc load address 0x080051cc
                0x20000000                . = ALIGN (0x4)
                0x20000000                _sdata = .
 *(.data)
 *(.data*)
 .data.SystemCoreClock
                0x20000000        0x4 CMakeFiles/test2.elf.dir/Core/Src/system_stm32f4xx.c.obj
                0x20000000                SystemCoreClock
 .data.uwTickFreq
                0x20000004        0x1 CMakeFiles/test2.elf.dir/Drivers/STM32F4xx_HAL_Driver/Src/stm32f4xx_hal.c.obj
                0x20000004                uwTickFreq
 *fill*         0x20000005        0x3 
 .data.uwTickPrio
                0x20000008        0x4 CMakeFiles/test2.elf.dir/Drivers/STM32F4xx_HAL_Driver/Src/stm32f4xx_hal.c.obj
                0x20000008                uwTickPrio
 .data.rt_object_container
                0x2000000c       0x90 CMakeFiles/test2.elf.dir/Middlewares/Third_Party/RealThread_RTOS/src/object.c.obj
 .data.soft_timer_status
                0x2000009c        0x1 CMakeFiles/test2.elf.dir/Middlewares/Third_Party/RealThread_RTOS/src/timer.c.obj
 *fill*         0x2000009d        0x3 
 .data.impure_data
                0x200000a0      0x428 e:/progra~1/gcc-ar~1/bin/../lib/gcc/arm-none-eabi/10.3.1/../../../../arm-none-eabi/lib/thumb/v7e-m/nofp\libg.a(lib_a-impure.o)
 .data.__atexit_recursive_mutex
                0x200004c8        0x4 e:/progra~1/gcc-ar~1/bin/../lib/gcc/arm-none-eabi/10.3.1/../../../../arm-none-eabi/lib/thumb/v7e-m/nofp\libg.a(lib_a-__call_atexit.o)
                0x200004c8                __atexit_recursive_mutex
 *(.RamFunc)
 *(.RamFunc*)
                0x200004cc                . = ALIGN (0x4)
                0x200004cc                _edata = .
                0x08005698                _siccmram = LOADADDR (.ccmram)

.igot.plt       0x200004cc        0x0 load address 0x08005698
 .igot.plt      0x200004cc        0x0 e:/progra~1/gcc-ar~1/bin/../lib/gcc/arm-none-eabi/10.3.1/thumb/v7e-m/nofp/crtbegin.o

.ccmram         0x10000000        0x0 load address 0x08005698
                0x10000000                . = ALIGN (0x4)
                0x10000000                _sccmram = .
 *(.ccmram)
 *(.ccmram*)
                0x10000000                . = ALIGN (0x4)
                0x10000000                _eccmram = .
                0x10000000                . = ALIGN (0x4)

.bss            0x200004cc     0x4348
                0x200004cc                _sbss = .
                0x200004cc                __bss_start__ = _sbss
 *(.bss)
 .bss           0x200004cc       0x1c e:/progra~1/gcc-ar~1/bin/../lib/gcc/arm-none-eabi/10.3.1/thumb/v7e-m/nofp/crtbegin.o
 *(.bss*)
 .bss.UartHandle
                0x200004e8       0x44 CMakeFiles/test2.elf.dir/Core/Src/board.c.obj
 .bss.rt_heap   0x2000052c     0x3c00 CMakeFiles/test2.elf.dir/Core/Src/board.c.obj
 .bss.huart4    0x2000412c       0x44 CMakeFiles/test2.elf.dir/Core/Src/main.c.obj
                0x2000412c                huart4
 .bss.htim4     0x20004170       0x48 CMakeFiles/test2.elf.dir/Core/Src/stm32f4xx_hal_timebase_tim.c.obj
                0x20004170                htim4
 .bss.uwTick    0x200041b8        0x4 CMakeFiles/test2.elf.dir/Drivers/STM32F4xx_HAL_Driver/Src/stm32f4xx_hal.c.obj
                0x200041b8                uwTick
 .bss.rt_exception_hook
                0x200041bc        0x4 CMakeFiles/test2.elf.dir/Middlewares/Third_Party/RealThread_RTOS/libcpu/arm/cortex-m4/cpuport.c.obj
 .bss.rt_interrupt_from_thread
                0x200041c0        0x4 CMakeFiles/test2.elf.dir/Middlewares/Third_Party/RealThread_RTOS/libcpu/arm/cortex-m4/cpuport.c.obj
                0x200041c0                rt_interrupt_from_thread
 .bss.rt_interrupt_to_thread
                0x200041c4        0x4 CMakeFiles/test2.elf.dir/Middlewares/Third_Party/RealThread_RTOS/libcpu/arm/cortex-m4/cpuport.c.obj
                0x200041c4                rt_interrupt_to_thread
 .bss.rt_thread_switch_interrupt_flag
                0x200041c8        0x4 CMakeFiles/test2.elf.dir/Middlewares/Third_Party/RealThread_RTOS/libcpu/arm/cortex-m4/cpuport.c.obj
                0x200041c8                rt_thread_switch_interrupt_flag
 .bss.rt_tick   0x200041cc        0x4 CMakeFiles/test2.elf.dir/Middlewares/Third_Party/RealThread_RTOS/src/clock.c.obj
 .bss.idle      0x200041d0       0x80 CMakeFiles/test2.elf.dir/Middlewares/Third_Party/RealThread_RTOS/src/idle.c.obj
 .bss.idle_hook_list
                0x20004250       0x10 CMakeFiles/test2.elf.dir/Middlewares/Third_Party/RealThread_RTOS/src/idle.c.obj
 .bss.rt_thread_stack
                0x20004260      0x100 CMakeFiles/test2.elf.dir/Middlewares/Third_Party/RealThread_RTOS/src/idle.c.obj
 .bss.rt_interrupt_enter_hook
                0x20004360        0x4 CMakeFiles/test2.elf.dir/Middlewares/Third_Party/RealThread_RTOS/src/irq.c.obj
 .bss.rt_interrupt_leave_hook
                0x20004364        0x4 CMakeFiles/test2.elf.dir/Middlewares/Third_Party/RealThread_RTOS/src/irq.c.obj
 .bss.rt_interrupt_nest
                0x20004368        0x1 CMakeFiles/test2.elf.dir/Middlewares/Third_Party/RealThread_RTOS/src/irq.c.obj
                0x20004368                rt_interrupt_nest
 *fill*         0x20004369        0x3 
 .bss.__rt_errno
                0x2000436c        0x4 CMakeFiles/test2.elf.dir/Middlewares/Third_Party/RealThread_RTOS/src/kservice.c.obj
 .bss._console_device
                0x20004370        0x4 CMakeFiles/test2.elf.dir/Middlewares/Third_Party/RealThread_RTOS/src/kservice.c.obj
 .bss.rt_assert_hook
                0x20004374        0x4 CMakeFiles/test2.elf.dir/Middlewares/Third_Party/RealThread_RTOS/src/kservice.c.obj
                0x20004374                rt_assert_hook
 .bss.rt_log_buf.0
                0x20004378       0x80 CMakeFiles/test2.elf.dir/Middlewares/Third_Party/RealThread_RTOS/src/kservice.c.obj
 .bss.heap_end  0x200043f8        0x4 CMakeFiles/test2.elf.dir/Middlewares/Third_Party/RealThread_RTOS/src/mem.c.obj
 .bss.heap_ptr  0x200043fc        0x4 CMakeFiles/test2.elf.dir/Middlewares/Third_Party/RealThread_RTOS/src/mem.c.obj
 .bss.heap_sem  0x20004400       0x20 CMakeFiles/test2.elf.dir/Middlewares/Third_Party/RealThread_RTOS/src/mem.c.obj
 .bss.lfree     0x20004420        0x4 CMakeFiles/test2.elf.dir/Middlewares/Third_Party/RealThread_RTOS/src/mem.c.obj
 .bss.max_mem   0x20004424        0x4 CMakeFiles/test2.elf.dir/Middlewares/Third_Party/RealThread_RTOS/src/mem.c.obj
 .bss.mem_size_aligned
                0x20004428        0x4 CMakeFiles/test2.elf.dir/Middlewares/Third_Party/RealThread_RTOS/src/mem.c.obj
 .bss.rt_free_hook
                0x2000442c        0x4 CMakeFiles/test2.elf.dir/Middlewares/Third_Party/RealThread_RTOS/src/mem.c.obj
 .bss.rt_malloc_hook
                0x20004430        0x4 CMakeFiles/test2.elf.dir/Middlewares/Third_Party/RealThread_RTOS/src/mem.c.obj
 .bss.used_mem  0x20004434        0x4 CMakeFiles/test2.elf.dir/Middlewares/Third_Party/RealThread_RTOS/src/mem.c.obj
 .bss.rt_object_attach_hook
                0x20004438        0x4 CMakeFiles/test2.elf.dir/Middlewares/Third_Party/RealThread_RTOS/src/object.c.obj
 .bss.rt_object_detach_hook
                0x2000443c        0x4 CMakeFiles/test2.elf.dir/Middlewares/Third_Party/RealThread_RTOS/src/object.c.obj
 .bss.rt_object_put_hook
                0x20004440        0x4 CMakeFiles/test2.elf.dir/Middlewares/Third_Party/RealThread_RTOS/src/object.c.obj
                0x20004440                rt_object_put_hook
 .bss.rt_object_take_hook
                0x20004444        0x4 CMakeFiles/test2.elf.dir/Middlewares/Third_Party/RealThread_RTOS/src/object.c.obj
                0x20004444                rt_object_take_hook
 .bss.rt_object_trytake_hook
                0x20004448        0x4 CMakeFiles/test2.elf.dir/Middlewares/Third_Party/RealThread_RTOS/src/object.c.obj
                0x20004448                rt_object_trytake_hook
 .bss.rt_current_priority
                0x2000444c        0x1 CMakeFiles/test2.elf.dir/Middlewares/Third_Party/RealThread_RTOS/src/scheduler.c.obj
                0x2000444c                rt_current_priority
 *fill*         0x2000444d        0x3 
 .bss.rt_current_thread
                0x20004450        0x4 CMakeFiles/test2.elf.dir/Middlewares/Third_Party/RealThread_RTOS/src/scheduler.c.obj
                0x20004450                rt_current_thread
 .bss.rt_scheduler_hook
                0x20004454        0x4 CMakeFiles/test2.elf.dir/Middlewares/Third_Party/RealThread_RTOS/src/scheduler.c.obj
 .bss.rt_scheduler_lock_nest
                0x20004458        0x2 CMakeFiles/test2.elf.dir/Middlewares/Third_Party/RealThread_RTOS/src/scheduler.c.obj
 *fill*         0x2000445a        0x2 
 .bss.rt_thread_defunct
                0x2000445c        0x8 CMakeFiles/test2.elf.dir/Middlewares/Third_Party/RealThread_RTOS/src/scheduler.c.obj
                0x2000445c                rt_thread_defunct
 .bss.rt_thread_priority_table
                0x20004464      0x100 CMakeFiles/test2.elf.dir/Middlewares/Third_Party/RealThread_RTOS/src/scheduler.c.obj
                0x20004464                rt_thread_priority_table
 .bss.rt_thread_ready_priority_group
                0x20004564        0x4 CMakeFiles/test2.elf.dir/Middlewares/Third_Party/RealThread_RTOS/src/scheduler.c.obj
                0x20004564                rt_thread_ready_priority_group
 .bss.rt_thread_inited_hook
                0x20004568        0x4 CMakeFiles/test2.elf.dir/Middlewares/Third_Party/RealThread_RTOS/src/thread.c.obj
 .bss.rt_thread_resume_hook
                0x2000456c        0x4 CMakeFiles/test2.elf.dir/Middlewares/Third_Party/RealThread_RTOS/src/thread.c.obj
 .bss.rt_thread_suspend_hook
                0x20004570        0x4 CMakeFiles/test2.elf.dir/Middlewares/Third_Party/RealThread_RTOS/src/thread.c.obj
 .bss.random_nr.2
                0x20004574        0x4 CMakeFiles/test2.elf.dir/Middlewares/Third_Party/RealThread_RTOS/src/timer.c.obj
 .bss.rt_soft_timer_list
                0x20004578        0x8 CMakeFiles/test2.elf.dir/Middlewares/Third_Party/RealThread_RTOS/src/timer.c.obj
 .bss.rt_timer_enter_hook
                0x20004580        0x4 CMakeFiles/test2.elf.dir/Middlewares/Third_Party/RealThread_RTOS/src/timer.c.obj
 .bss.rt_timer_exit_hook
                0x20004584        0x4 CMakeFiles/test2.elf.dir/Middlewares/Third_Party/RealThread_RTOS/src/timer.c.obj
 .bss.rt_timer_list
                0x20004588        0x8 CMakeFiles/test2.elf.dir/Middlewares/Third_Party/RealThread_RTOS/src/timer.c.obj
 .bss.timer_thread
                0x20004590       0x80 CMakeFiles/test2.elf.dir/Middlewares/Third_Party/RealThread_RTOS/src/timer.c.obj
 .bss.timer_thread_stack
                0x20004610      0x200 CMakeFiles/test2.elf.dir/Middlewares/Third_Party/RealThread_RTOS/src/timer.c.obj
 .bss.__lock___atexit_recursive_mutex
                0x20004810        0x1 e:/progra~1/gcc-ar~1/bin/../lib/gcc/arm-none-eabi/10.3.1/../../../../arm-none-eabi/lib/thumb/v7e-m/nofp\libg.a(lib_a-lock.o)
                0x20004810                __lock___atexit_recursive_mutex
 *(COMMON)
                0x20004814                . = ALIGN (0x4)
 *fill*         0x20004811        0x3 
                0x20004814                _ebss = .
                0x20004814                __bss_end__ = _ebss

._user_heap_stack
                0x20004814      0x604
                0x20004818                . = ALIGN (0x8)
 *fill*         0x20004814        0x4 
                [!provide]                PROVIDE (end = .)
                0x20004818                PROVIDE (_end = .)
                0x20004a18                . = (. + _Min_Heap_Size)
 *fill*         0x20004818      0x200 
                0x20004e18                . = (. + _Min_Stack_Size)
 *fill*         0x20004a18      0x400 
                0x20004e18                . = ALIGN (0x8)

/DISCARD/
 libc.a(*)
 libm.a(*)
 libgcc.a(*)

.ARM.attributes
                0x00000000       0x2a
 *(.ARM.attributes)
 .ARM.attributes
                0x00000000       0x1e e:/progra~1/gcc-ar~1/bin/../lib/gcc/arm-none-eabi/10.3.1/thumb/v7e-m/nofp/crti.o
 .ARM.attributes
                0x0000001e       0x2e e:/progra~1/gcc-ar~1/bin/../lib/gcc/arm-none-eabi/10.3.1/thumb/v7e-m/nofp/crtbegin.o
 .ARM.attributes
                0x0000004c       0x2e CMakeFiles/test2.elf.dir/Core/Src/board.c.obj
 .ARM.attributes
                0x0000007a       0x2e CMakeFiles/test2.elf.dir/Core/Src/main.c.obj
 .ARM.attributes
                0x000000a8       0x2e CMakeFiles/test2.elf.dir/Core/Src/stm32f4xx_hal_msp.c.obj
 .ARM.attributes
                0x000000d6       0x2e CMakeFiles/test2.elf.dir/Core/Src/stm32f4xx_hal_timebase_tim.c.obj
 .ARM.attributes
                0x00000104       0x2e CMakeFiles/test2.elf.dir/Core/Src/stm32f4xx_it.c.obj
 .ARM.attributes
                0x00000132       0x2e CMakeFiles/test2.elf.dir/Core/Src/system_stm32f4xx.c.obj
 .ARM.attributes
                0x00000160       0x21 CMakeFiles/test2.elf.dir/Core/Startup/startup_stm32f429zitx.s.obj
 .ARM.attributes
                0x00000181       0x2e CMakeFiles/test2.elf.dir/Drivers/STM32F4xx_HAL_Driver/Src/stm32f4xx_hal.c.obj
 .ARM.attributes
                0x000001af       0x2e CMakeFiles/test2.elf.dir/Drivers/STM32F4xx_HAL_Driver/Src/stm32f4xx_hal_cortex.c.obj
 .ARM.attributes
                0x000001dd       0x2e CMakeFiles/test2.elf.dir/Drivers/STM32F4xx_HAL_Driver/Src/stm32f4xx_hal_gpio.c.obj
 .ARM.attributes
                0x0000020b       0x2e CMakeFiles/test2.elf.dir/Drivers/STM32F4xx_HAL_Driver/Src/stm32f4xx_hal_rcc.c.obj
 .ARM.attributes
                0x00000239       0x2e CMakeFiles/test2.elf.dir/Drivers/STM32F4xx_HAL_Driver/Src/stm32f4xx_hal_tim.c.obj
 .ARM.attributes
                0x00000267       0x2e CMakeFiles/test2.elf.dir/Drivers/STM32F4xx_HAL_Driver/Src/stm32f4xx_hal_tim_ex.c.obj
 .ARM.attributes
                0x00000295       0x2e CMakeFiles/test2.elf.dir/Drivers/STM32F4xx_HAL_Driver/Src/stm32f4xx_hal_uart.c.obj
 .ARM.attributes
                0x000002c3       0x2e CMakeFiles/test2.elf.dir/Middlewares/Third_Party/RealThread_RTOS/components/device/device.c.obj
 .ARM.attributes
                0x000002f1       0x2e CMakeFiles/test2.elf.dir/Middlewares/Third_Party/RealThread_RTOS/components/finsh/cmd.c.obj
 .ARM.attributes
                0x0000031f       0x21 CMakeFiles/test2.elf.dir/Middlewares/Third_Party/RealThread_RTOS/libcpu/arm/cortex-m4/context_gcc.S.obj
 .ARM.attributes
                0x00000340       0x2e CMakeFiles/test2.elf.dir/Middlewares/Third_Party/RealThread_RTOS/libcpu/arm/cortex-m4/cpuport.c.obj
 .ARM.attributes
                0x0000036e       0x2e CMakeFiles/test2.elf.dir/Middlewares/Third_Party/RealThread_RTOS/src/clock.c.obj
 .ARM.attributes
                0x0000039c       0x2e CMakeFiles/test2.elf.dir/Middlewares/Third_Party/RealThread_RTOS/src/components.c.obj
 .ARM.attributes
                0x000003ca       0x2e CMakeFiles/test2.elf.dir/Middlewares/Third_Party/RealThread_RTOS/src/idle.c.obj
 .ARM.attributes
                0x000003f8       0x2e CMakeFiles/test2.elf.dir/Middlewares/Third_Party/RealThread_RTOS/src/ipc.c.obj
 .ARM.attributes
                0x00000426       0x2e CMakeFiles/test2.elf.dir/Middlewares/Third_Party/RealThread_RTOS/src/irq.c.obj
 .ARM.attributes
                0x00000454       0x2e CMakeFiles/test2.elf.dir/Middlewares/Third_Party/RealThread_RTOS/src/kservice.c.obj
 .ARM.attributes
                0x00000482       0x2e CMakeFiles/test2.elf.dir/Middlewares/Third_Party/RealThread_RTOS/src/mem.c.obj
 .ARM.attributes
                0x000004b0       0x2e CMakeFiles/test2.elf.dir/Middlewares/Third_Party/RealThread_RTOS/src/object.c.obj
 .ARM.attributes
                0x000004de       0x2e CMakeFiles/test2.elf.dir/Middlewares/Third_Party/RealThread_RTOS/src/scheduler.c.obj
 .ARM.attributes
                0x0000050c       0x2e CMakeFiles/test2.elf.dir/Middlewares/Third_Party/RealThread_RTOS/src/thread.c.obj
 .ARM.attributes
                0x0000053a       0x2e CMakeFiles/test2.elf.dir/Middlewares/Third_Party/RealThread_RTOS/src/timer.c.obj
 .ARM.attributes
                0x00000568       0x1e e:/progra~1/gcc-ar~1/bin/../lib/gcc/arm-none-eabi/10.3.1/thumb/v7e-m/nofp\libgcc.a(_aeabi_uldivmod.o)
 .ARM.attributes
                0x00000586       0x2e e:/progra~1/gcc-ar~1/bin/../lib/gcc/arm-none-eabi/10.3.1/thumb/v7e-m/nofp\libgcc.a(_udivmoddi4.o)
 .ARM.attributes
                0x000005b4       0x1e e:/progra~1/gcc-ar~1/bin/../lib/gcc/arm-none-eabi/10.3.1/thumb/v7e-m/nofp\libgcc.a(_dvmd_tls.o)
 .ARM.attributes
                0x000005d2       0x2e e:/progra~1/gcc-ar~1/bin/../lib/gcc/arm-none-eabi/10.3.1/../../../../arm-none-eabi/lib/thumb/v7e-m/nofp\libg.a(lib_a-impure.o)
 .ARM.attributes
                0x00000600       0x2e e:/progra~1/gcc-ar~1/bin/../lib/gcc/arm-none-eabi/10.3.1/../../../../arm-none-eabi/lib/thumb/v7e-m/nofp\libg.a(lib_a-init.o)
 .ARM.attributes
                0x0000062e       0x1c e:/progra~1/gcc-ar~1/bin/../lib/gcc/arm-none-eabi/10.3.1/../../../../arm-none-eabi/lib/thumb/v7e-m/nofp\libg.a(lib_a-memcpy.o)
 .ARM.attributes
                0x0000064a       0x2e e:/progra~1/gcc-ar~1/bin/../lib/gcc/arm-none-eabi/10.3.1/../../../../arm-none-eabi/lib/thumb/v7e-m/nofp\libg.a(lib_a-memset.o)
 .ARM.attributes
                0x00000678       0x2e e:/progra~1/gcc-ar~1/bin/../lib/gcc/arm-none-eabi/10.3.1/../../../../arm-none-eabi/lib/thumb/v7e-m/nofp\libg.a(lib_a-__call_atexit.o)
 .ARM.attributes
                0x000006a6       0x2e e:/progra~1/gcc-ar~1/bin/../lib/gcc/arm-none-eabi/10.3.1/../../../../arm-none-eabi/lib/thumb/v7e-m/nofp\libg.a(lib_a-atexit.o)
 .ARM.attributes
                0x000006d4       0x2e e:/progra~1/gcc-ar~1/bin/../lib/gcc/arm-none-eabi/10.3.1/../../../../arm-none-eabi/lib/thumb/v7e-m/nofp\libg.a(lib_a-fini.o)
 .ARM.attributes
                0x00000702       0x2e e:/progra~1/gcc-ar~1/bin/../lib/gcc/arm-none-eabi/10.3.1/../../../../arm-none-eabi/lib/thumb/v7e-m/nofp\libg.a(lib_a-lock.o)
 .ARM.attributes
                0x00000730       0x2e e:/progra~1/gcc-ar~1/bin/../lib/gcc/arm-none-eabi/10.3.1/../../../../arm-none-eabi/lib/thumb/v7e-m/nofp\libg.a(lib_a-__atexit.o)
 .ARM.attributes
                0x0000075e       0x1e e:/progra~1/gcc-ar~1/bin/../lib/gcc/arm-none-eabi/10.3.1/thumb/v7e-m/nofp/crtn.o
OUTPUT(test2.elf elf32-littlearm)
LOAD linker stubs
LOAD e:/progra~1/gcc-ar~1/bin/../lib/gcc/arm-none-eabi/10.3.1/../../../../arm-none-eabi/lib/thumb/v7e-m/nofp\libc.a
LOAD e:/progra~1/gcc-ar~1/bin/../lib/gcc/arm-none-eabi/10.3.1/../../../../arm-none-eabi/lib/thumb/v7e-m/nofp\libm.a
LOAD e:/progra~1/gcc-ar~1/bin/../lib/gcc/arm-none-eabi/10.3.1/thumb/v7e-m/nofp\libgcc.a

.debug_info     0x00000000    0x223bf
 .debug_info    0x00000000      0x94f CMakeFiles/test2.elf.dir/Core/Src/board.c.obj
 .debug_info    0x0000094f      0xe85 CMakeFiles/test2.elf.dir/Core/Src/main.c.obj
 .debug_info    0x000017d4      0x999 CMakeFiles/test2.elf.dir/Core/Src/stm32f4xx_hal_msp.c.obj
 .debug_info    0x0000216d      0xcb2 CMakeFiles/test2.elf.dir/Core/Src/stm32f4xx_hal_timebase_tim.c.obj
 .debug_info    0x00002e1f      0x6e4 CMakeFiles/test2.elf.dir/Core/Src/stm32f4xx_it.c.obj
 .debug_info    0x00003503      0x399 CMakeFiles/test2.elf.dir/Core/Src/system_stm32f4xx.c.obj
 .debug_info    0x0000389c       0x22 CMakeFiles/test2.elf.dir/Core/Startup/startup_stm32f429zitx.s.obj
 .debug_info    0x000038be      0xa68 CMakeFiles/test2.elf.dir/Drivers/STM32F4xx_HAL_Driver/Src/stm32f4xx_hal.c.obj
 .debug_info    0x00004326     0x10ce CMakeFiles/test2.elf.dir/Drivers/STM32F4xx_HAL_Driver/Src/stm32f4xx_hal_cortex.c.obj
 .debug_info    0x000053f4      0x7cc CMakeFiles/test2.elf.dir/Drivers/STM32F4xx_HAL_Driver/Src/stm32f4xx_hal_gpio.c.obj
 .debug_info    0x00005bc0      0xb1f CMakeFiles/test2.elf.dir/Drivers/STM32F4xx_HAL_Driver/Src/stm32f4xx_hal_rcc.c.obj
 .debug_info    0x000066df     0x3d5c CMakeFiles/test2.elf.dir/Drivers/STM32F4xx_HAL_Driver/Src/stm32f4xx_hal_tim.c.obj
 .debug_info    0x0000a43b     0x1ade CMakeFiles/test2.elf.dir/Drivers/STM32F4xx_HAL_Driver/Src/stm32f4xx_hal_tim_ex.c.obj
 .debug_info    0x0000bf19     0x4233 CMakeFiles/test2.elf.dir/Drivers/STM32F4xx_HAL_Driver/Src/stm32f4xx_hal_uart.c.obj
 .debug_info    0x0001014c      0xfb5 CMakeFiles/test2.elf.dir/Middlewares/Third_Party/RealThread_RTOS/components/device/device.c.obj
 .debug_info    0x00011101     0x2a10 CMakeFiles/test2.elf.dir/Middlewares/Third_Party/RealThread_RTOS/components/finsh/cmd.c.obj
 .debug_info    0x00013b11       0x26 CMakeFiles/test2.elf.dir/Middlewares/Third_Party/RealThread_RTOS/libcpu/arm/cortex-m4/context_gcc.S.obj
 .debug_info    0x00013b37      0x903 CMakeFiles/test2.elf.dir/Middlewares/Third_Party/RealThread_RTOS/libcpu/arm/cortex-m4/cpuport.c.obj
 .debug_info    0x0001443a      0x48a CMakeFiles/test2.elf.dir/Middlewares/Third_Party/RealThread_RTOS/src/clock.c.obj
 .debug_info    0x000148c4      0x7fb CMakeFiles/test2.elf.dir/Middlewares/Third_Party/RealThread_RTOS/src/components.c.obj
 .debug_info    0x000150bf      0x7c9 CMakeFiles/test2.elf.dir/Middlewares/Third_Party/RealThread_RTOS/src/idle.c.obj
 .debug_info    0x00015888     0x5a48 CMakeFiles/test2.elf.dir/Middlewares/Third_Party/RealThread_RTOS/src/ipc.c.obj
 .debug_info    0x0001b2d0      0x20c CMakeFiles/test2.elf.dir/Middlewares/Third_Party/RealThread_RTOS/src/irq.c.obj
 .debug_info    0x0001b4dc     0x17df CMakeFiles/test2.elf.dir/Middlewares/Third_Party/RealThread_RTOS/src/kservice.c.obj
 .debug_info    0x0001ccbb      0xe63 CMakeFiles/test2.elf.dir/Middlewares/Third_Party/RealThread_RTOS/src/mem.c.obj
 .debug_info    0x0001db1e      0xdf3 CMakeFiles/test2.elf.dir/Middlewares/Third_Party/RealThread_RTOS/src/object.c.obj
 .debug_info    0x0001e911      0xa04 CMakeFiles/test2.elf.dir/Middlewares/Third_Party/RealThread_RTOS/src/scheduler.c.obj
 .debug_info    0x0001f315     0x19b1 CMakeFiles/test2.elf.dir/Middlewares/Third_Party/RealThread_RTOS/src/thread.c.obj
 .debug_info    0x00020cc6     0x16f9 CMakeFiles/test2.elf.dir/Middlewares/Third_Party/RealThread_RTOS/src/timer.c.obj

.debug_abbrev   0x00000000     0x426b
 .debug_abbrev  0x00000000      0x27d CMakeFiles/test2.elf.dir/Core/Src/board.c.obj
 .debug_abbrev  0x0000027d      0x245 CMakeFiles/test2.elf.dir/Core/Src/main.c.obj
 .debug_abbrev  0x000004c2      0x18f CMakeFiles/test2.elf.dir/Core/Src/stm32f4xx_hal_msp.c.obj
 .debug_abbrev  0x00000651      0x1ec CMakeFiles/test2.elf.dir/Core/Src/stm32f4xx_hal_timebase_tim.c.obj
 .debug_abbrev  0x0000083d      0x179 CMakeFiles/test2.elf.dir/Core/Src/stm32f4xx_it.c.obj
 .debug_abbrev  0x000009b6      0x119 CMakeFiles/test2.elf.dir/Core/Src/system_stm32f4xx.c.obj
 .debug_abbrev  0x00000acf       0x12 CMakeFiles/test2.elf.dir/Core/Startup/startup_stm32f429zitx.s.obj
 .debug_abbrev  0x00000ae1      0x206 CMakeFiles/test2.elf.dir/Drivers/STM32F4xx_HAL_Driver/Src/stm32f4xx_hal.c.obj
 .debug_abbrev  0x00000ce7      0x36a CMakeFiles/test2.elf.dir/Drivers/STM32F4xx_HAL_Driver/Src/stm32f4xx_hal_cortex.c.obj
 .debug_abbrev  0x00001051      0x1ef CMakeFiles/test2.elf.dir/Drivers/STM32F4xx_HAL_Driver/Src/stm32f4xx_hal_gpio.c.obj
 .debug_abbrev  0x00001240      0x28a CMakeFiles/test2.elf.dir/Drivers/STM32F4xx_HAL_Driver/Src/stm32f4xx_hal_rcc.c.obj
 .debug_abbrev  0x000014ca      0x22b CMakeFiles/test2.elf.dir/Drivers/STM32F4xx_HAL_Driver/Src/stm32f4xx_hal_tim.c.obj
 .debug_abbrev  0x000016f5      0x241 CMakeFiles/test2.elf.dir/Drivers/STM32F4xx_HAL_Driver/Src/stm32f4xx_hal_tim_ex.c.obj
 .debug_abbrev  0x00001936      0x2f6 CMakeFiles/test2.elf.dir/Drivers/STM32F4xx_HAL_Driver/Src/stm32f4xx_hal_uart.c.obj
 .debug_abbrev  0x00001c2c      0x224 CMakeFiles/test2.elf.dir/Middlewares/Third_Party/RealThread_RTOS/components/device/device.c.obj
 .debug_abbrev  0x00001e50      0x3a3 CMakeFiles/test2.elf.dir/Middlewares/Third_Party/RealThread_RTOS/components/finsh/cmd.c.obj
 .debug_abbrev  0x000021f3       0x14 CMakeFiles/test2.elf.dir/Middlewares/Third_Party/RealThread_RTOS/libcpu/arm/cortex-m4/context_gcc.S.obj
 .debug_abbrev  0x00002207      0x291 CMakeFiles/test2.elf.dir/Middlewares/Third_Party/RealThread_RTOS/libcpu/arm/cortex-m4/cpuport.c.obj
 .debug_abbrev  0x00002498      0x188 CMakeFiles/test2.elf.dir/Middlewares/Third_Party/RealThread_RTOS/src/clock.c.obj
 .debug_abbrev  0x00002620      0x226 CMakeFiles/test2.elf.dir/Middlewares/Third_Party/RealThread_RTOS/src/components.c.obj
 .debug_abbrev  0x00002846      0x28b CMakeFiles/test2.elf.dir/Middlewares/Third_Party/RealThread_RTOS/src/idle.c.obj
 .debug_abbrev  0x00002ad1      0x32b CMakeFiles/test2.elf.dir/Middlewares/Third_Party/RealThread_RTOS/src/ipc.c.obj
 .debug_abbrev  0x00002dfc      0x138 CMakeFiles/test2.elf.dir/Middlewares/Third_Party/RealThread_RTOS/src/irq.c.obj
 .debug_abbrev  0x00002f34      0x3e8 CMakeFiles/test2.elf.dir/Middlewares/Third_Party/RealThread_RTOS/src/kservice.c.obj
 .debug_abbrev  0x0000331c      0x286 CMakeFiles/test2.elf.dir/Middlewares/Third_Party/RealThread_RTOS/src/mem.c.obj
 .debug_abbrev  0x000035a2      0x2b9 CMakeFiles/test2.elf.dir/Middlewares/Third_Party/RealThread_RTOS/src/object.c.obj
 .debug_abbrev  0x0000385b      0x2e7 CMakeFiles/test2.elf.dir/Middlewares/Third_Party/RealThread_RTOS/src/scheduler.c.obj
 .debug_abbrev  0x00003b42      0x303 CMakeFiles/test2.elf.dir/Middlewares/Third_Party/RealThread_RTOS/src/thread.c.obj
 .debug_abbrev  0x00003e45      0x426 CMakeFiles/test2.elf.dir/Middlewares/Third_Party/RealThread_RTOS/src/timer.c.obj

.debug_loc      0x00000000    0x168b1
 .debug_loc     0x00000000       0xb8 CMakeFiles/test2.elf.dir/Core/Src/board.c.obj
 .debug_loc     0x000000b8       0x42 CMakeFiles/test2.elf.dir/Core/Src/main.c.obj
 .debug_loc     0x000000fa       0x84 CMakeFiles/test2.elf.dir/Core/Src/stm32f4xx_hal_msp.c.obj
 .debug_loc     0x0000017e       0x78 CMakeFiles/test2.elf.dir/Core/Src/stm32f4xx_hal_timebase_tim.c.obj
 .debug_loc     0x000001f6      0x158 CMakeFiles/test2.elf.dir/Core/Src/system_stm32f4xx.c.obj
 .debug_loc     0x0000034e      0x141 CMakeFiles/test2.elf.dir/Drivers/STM32F4xx_HAL_Driver/Src/stm32f4xx_hal.c.obj
 .debug_loc     0x0000048f      0x744 CMakeFiles/test2.elf.dir/Drivers/STM32F4xx_HAL_Driver/Src/stm32f4xx_hal_cortex.c.obj
 .debug_loc     0x00000bd3      0x520 CMakeFiles/test2.elf.dir/Drivers/STM32F4xx_HAL_Driver/Src/stm32f4xx_hal_gpio.c.obj
 .debug_loc     0x000010f3      0x58c CMakeFiles/test2.elf.dir/Drivers/STM32F4xx_HAL_Driver/Src/stm32f4xx_hal_rcc.c.obj
 .debug_loc     0x0000167f     0x5088 CMakeFiles/test2.elf.dir/Drivers/STM32F4xx_HAL_Driver/Src/stm32f4xx_hal_tim.c.obj
 .debug_loc     0x00006707     0x1cd7 CMakeFiles/test2.elf.dir/Drivers/STM32F4xx_HAL_Driver/Src/stm32f4xx_hal_tim_ex.c.obj
 .debug_loc     0x000083de     0x49eb CMakeFiles/test2.elf.dir/Drivers/STM32F4xx_HAL_Driver/Src/stm32f4xx_hal_uart.c.obj
 .debug_loc     0x0000cdc9      0x7de CMakeFiles/test2.elf.dir/Middlewares/Third_Party/RealThread_RTOS/components/device/device.c.obj
 .debug_loc     0x0000d5a7     0x1260 CMakeFiles/test2.elf.dir/Middlewares/Third_Party/RealThread_RTOS/components/finsh/cmd.c.obj
 .debug_loc     0x0000e807      0x1bf CMakeFiles/test2.elf.dir/Middlewares/Third_Party/RealThread_RTOS/libcpu/arm/cortex-m4/cpuport.c.obj
 .debug_loc     0x0000e9c6       0xdc CMakeFiles/test2.elf.dir/Middlewares/Third_Party/RealThread_RTOS/src/clock.c.obj
 .debug_loc     0x0000eaa2       0xf3 CMakeFiles/test2.elf.dir/Middlewares/Third_Party/RealThread_RTOS/src/components.c.obj
 .debug_loc     0x0000eb95      0x28c CMakeFiles/test2.elf.dir/Middlewares/Third_Party/RealThread_RTOS/src/idle.c.obj
 .debug_loc     0x0000ee21     0x3b7e CMakeFiles/test2.elf.dir/Middlewares/Third_Party/RealThread_RTOS/src/ipc.c.obj
 .debug_loc     0x0001299f       0x7b CMakeFiles/test2.elf.dir/Middlewares/Third_Party/RealThread_RTOS/src/irq.c.obj
 .debug_loc     0x00012a1a     0x1757 CMakeFiles/test2.elf.dir/Middlewares/Third_Party/RealThread_RTOS/src/kservice.c.obj
 .debug_loc     0x00014171      0x5c4 CMakeFiles/test2.elf.dir/Middlewares/Third_Party/RealThread_RTOS/src/mem.c.obj
 .debug_loc     0x00014735      0x7f0 CMakeFiles/test2.elf.dir/Middlewares/Third_Party/RealThread_RTOS/src/object.c.obj
 .debug_loc     0x00014f25      0x26d CMakeFiles/test2.elf.dir/Middlewares/Third_Party/RealThread_RTOS/src/scheduler.c.obj
 .debug_loc     0x00015192      0xaa2 CMakeFiles/test2.elf.dir/Middlewares/Third_Party/RealThread_RTOS/src/thread.c.obj
 .debug_loc     0x00015c34      0xc7d CMakeFiles/test2.elf.dir/Middlewares/Third_Party/RealThread_RTOS/src/timer.c.obj

.debug_aranges  0x00000000     0x1348
 .debug_aranges
                0x00000000       0x50 CMakeFiles/test2.elf.dir/Core/Src/board.c.obj
 .debug_aranges
                0x00000050       0x48 CMakeFiles/test2.elf.dir/Core/Src/main.c.obj
 .debug_aranges
                0x00000098       0x30 CMakeFiles/test2.elf.dir/Core/Src/stm32f4xx_hal_msp.c.obj
 .debug_aranges
                0x000000c8       0x30 CMakeFiles/test2.elf.dir/Core/Src/stm32f4xx_hal_timebase_tim.c.obj
 .debug_aranges
                0x000000f8       0x48 CMakeFiles/test2.elf.dir/Core/Src/stm32f4xx_it.c.obj
 .debug_aranges
                0x00000140       0x28 CMakeFiles/test2.elf.dir/Core/Src/system_stm32f4xx.c.obj
 .debug_aranges
                0x00000168       0x28 CMakeFiles/test2.elf.dir/Core/Startup/startup_stm32f429zitx.s.obj
 .debug_aranges
                0x00000190      0x100 CMakeFiles/test2.elf.dir/Drivers/STM32F4xx_HAL_Driver/Src/stm32f4xx_hal.c.obj
 .debug_aranges
                0x00000290       0xa8 CMakeFiles/test2.elf.dir/Drivers/STM32F4xx_HAL_Driver/Src/stm32f4xx_hal_cortex.c.obj
 .debug_aranges
                0x00000338       0x58 CMakeFiles/test2.elf.dir/Drivers/STM32F4xx_HAL_Driver/Src/stm32f4xx_hal_gpio.c.obj
 .debug_aranges
                0x00000390       0x88 CMakeFiles/test2.elf.dir/Drivers/STM32F4xx_HAL_Driver/Src/stm32f4xx_hal_rcc.c.obj
 .debug_aranges
                0x00000418      0x3d0 CMakeFiles/test2.elf.dir/Drivers/STM32F4xx_HAL_Driver/Src/stm32f4xx_hal_tim.c.obj
 .debug_aranges
                0x000007e8      0x168 CMakeFiles/test2.elf.dir/Drivers/STM32F4xx_HAL_Driver/Src/stm32f4xx_hal_tim_ex.c.obj
 .debug_aranges
                0x00000950      0x200 CMakeFiles/test2.elf.dir/Drivers/STM32F4xx_HAL_Driver/Src/stm32f4xx_hal_uart.c.obj
 .debug_aranges
                0x00000b50       0x88 CMakeFiles/test2.elf.dir/Middlewares/Third_Party/RealThread_RTOS/components/device/device.c.obj
 .debug_aranges
                0x00000bd8       0x90 CMakeFiles/test2.elf.dir/Middlewares/Third_Party/RealThread_RTOS/components/finsh/cmd.c.obj
 .debug_aranges
                0x00000c68       0x20 CMakeFiles/test2.elf.dir/Middlewares/Third_Party/RealThread_RTOS/libcpu/arm/cortex-m4/context_gcc.S.obj
 .debug_aranges
                0x00000c88       0x60 CMakeFiles/test2.elf.dir/Middlewares/Third_Party/RealThread_RTOS/libcpu/arm/cortex-m4/cpuport.c.obj
 .debug_aranges
                0x00000ce8       0x40 CMakeFiles/test2.elf.dir/Middlewares/Third_Party/RealThread_RTOS/src/clock.c.obj
 .debug_aranges
                0x00000d28       0x68 CMakeFiles/test2.elf.dir/Middlewares/Third_Party/RealThread_RTOS/src/components.c.obj
 .debug_aranges
                0x00000d90       0x48 CMakeFiles/test2.elf.dir/Middlewares/Third_Party/RealThread_RTOS/src/idle.c.obj
 .debug_aranges
                0x00000dd8      0x150 CMakeFiles/test2.elf.dir/Middlewares/Third_Party/RealThread_RTOS/src/ipc.c.obj
 .debug_aranges
                0x00000f28       0x40 CMakeFiles/test2.elf.dir/Middlewares/Third_Party/RealThread_RTOS/src/irq.c.obj
 .debug_aranges
                0x00000f68      0x110 CMakeFiles/test2.elf.dir/Middlewares/Third_Party/RealThread_RTOS/src/kservice.c.obj
 .debug_aranges
                0x00001078       0x68 CMakeFiles/test2.elf.dir/Middlewares/Third_Party/RealThread_RTOS/src/mem.c.obj
 .debug_aranges
                0x000010e0       0x98 CMakeFiles/test2.elf.dir/Middlewares/Third_Party/RealThread_RTOS/src/object.c.obj
 .debug_aranges
                0x00001178       0x68 CMakeFiles/test2.elf.dir/Middlewares/Third_Party/RealThread_RTOS/src/scheduler.c.obj
 .debug_aranges
                0x000011e0       0xc8 CMakeFiles/test2.elf.dir/Middlewares/Third_Party/RealThread_RTOS/src/thread.c.obj
 .debug_aranges
                0x000012a8       0xa0 CMakeFiles/test2.elf.dir/Middlewares/Third_Party/RealThread_RTOS/src/timer.c.obj

.debug_ranges   0x00000000     0x1a10
 .debug_ranges  0x00000000       0x40 CMakeFiles/test2.elf.dir/Core/Src/board.c.obj
 .debug_ranges  0x00000040       0x38 CMakeFiles/test2.elf.dir/Core/Src/main.c.obj
 .debug_ranges  0x00000078       0x20 CMakeFiles/test2.elf.dir/Core/Src/stm32f4xx_hal_msp.c.obj
 .debug_ranges  0x00000098       0x20 CMakeFiles/test2.elf.dir/Core/Src/stm32f4xx_hal_timebase_tim.c.obj
 .debug_ranges  0x000000b8       0x38 CMakeFiles/test2.elf.dir/Core/Src/stm32f4xx_it.c.obj
 .debug_ranges  0x000000f0       0x18 CMakeFiles/test2.elf.dir/Core/Src/system_stm32f4xx.c.obj
 .debug_ranges  0x00000108       0x20 CMakeFiles/test2.elf.dir/Core/Startup/startup_stm32f429zitx.s.obj
 .debug_ranges  0x00000128       0xf0 CMakeFiles/test2.elf.dir/Drivers/STM32F4xx_HAL_Driver/Src/stm32f4xx_hal.c.obj
 .debug_ranges  0x00000218       0xf8 CMakeFiles/test2.elf.dir/Drivers/STM32F4xx_HAL_Driver/Src/stm32f4xx_hal_cortex.c.obj
 .debug_ranges  0x00000310       0x48 CMakeFiles/test2.elf.dir/Drivers/STM32F4xx_HAL_Driver/Src/stm32f4xx_hal_gpio.c.obj
 .debug_ranges  0x00000358       0x90 CMakeFiles/test2.elf.dir/Drivers/STM32F4xx_HAL_Driver/Src/stm32f4xx_hal_rcc.c.obj
 .debug_ranges  0x000003e8      0x3c0 CMakeFiles/test2.elf.dir/Drivers/STM32F4xx_HAL_Driver/Src/stm32f4xx_hal_tim.c.obj
 .debug_ranges  0x000007a8      0x158 CMakeFiles/test2.elf.dir/Drivers/STM32F4xx_HAL_Driver/Src/stm32f4xx_hal_tim_ex.c.obj
 .debug_ranges  0x00000900      0x208 CMakeFiles/test2.elf.dir/Drivers/STM32F4xx_HAL_Driver/Src/stm32f4xx_hal_uart.c.obj
 .debug_ranges  0x00000b08       0x78 CMakeFiles/test2.elf.dir/Middlewares/Third_Party/RealThread_RTOS/components/device/device.c.obj
 .debug_ranges  0x00000b80      0x248 CMakeFiles/test2.elf.dir/Middlewares/Third_Party/RealThread_RTOS/components/finsh/cmd.c.obj
 .debug_ranges  0x00000dc8       0x50 CMakeFiles/test2.elf.dir/Middlewares/Third_Party/RealThread_RTOS/libcpu/arm/cortex-m4/cpuport.c.obj
 .debug_ranges  0x00000e18       0x30 CMakeFiles/test2.elf.dir/Middlewares/Third_Party/RealThread_RTOS/src/clock.c.obj
 .debug_ranges  0x00000e48       0x58 CMakeFiles/test2.elf.dir/Middlewares/Third_Party/RealThread_RTOS/src/components.c.obj
 .debug_ranges  0x00000ea0       0x68 CMakeFiles/test2.elf.dir/Middlewares/Third_Party/RealThread_RTOS/src/idle.c.obj